Component: Arm Compiler for Embedded 6.21 Tool: armlink [5ec1fa00]

==============================================================================

Section Cross References

    empty.o(.text.main) refers to board.o(.text.board_init) for board_init
    empty.o(.text.main) refers to grayscale.o(.text.gw_gray_serial_read) for gw_gray_serial_read
    empty.o(.text.main) refers to grayscale.o(.text.XunJi) for XunJi
    empty.o(.text.main) refers to control.o(.text.Control) for Control
    empty.o(.text.main) refers to control.o(.text.beepONTimeTask) for beepONTimeTask
    empty.o(.text.main) refers to inv_mpu.o(.text.mpu_dmp_get_data) for mpu_dmp_get_data
    empty.o(.text.main) refers to drv_oled.o(.text.display_6_8_string) for display_6_8_string
    empty.o(.text.main) refers to drv_oled.o(.text.display_6_8_number_f1) for display_6_8_number_f1
    empty.o(.text.main) refers to fflti.o(.text) for __aeabi_ui2f
    empty.o(.text.main) refers to board.o(.bss.ControlFlag) for ControlFlag
    empty.o(.text.main) refers to empty.o(.bss.grayRet) for grayRet
    empty.o(.text.main) refers to empty.o(.bss.SensorBuf) for SensorBuf
    empty.o(.text.main) refers to board.o(.bss.ReadMPUFlag) for ReadMPUFlag
    empty.o(.text.main) refers to control.o(.bss.car) for car
    empty.o(.text.main) refers to board.o(.bss.showFlag) for showFlag
    empty.o(.text.main) refers to empty.o(.rodata.str1.1) for [Anonymous Symbol]
    empty.o(.text.main) refers to grayscale.o(.data.NOLineFlag) for NOLineFlag
    empty.o(.ARM.exidx.text.main) refers to empty.o(.text.main) for [Anonymous Symbol]
    startup_mspm0g350x_uvision.o(STACK) refers (Special) to heapauxi.o(.text) for __use_two_region_memory
    startup_mspm0g350x_uvision.o(HEAP) refers (Special) to heapauxi.o(.text) for __use_two_region_memory
    startup_mspm0g350x_uvision.o(RESET) refers (Special) to heapauxi.o(.text) for __use_two_region_memory
    startup_mspm0g350x_uvision.o(RESET) refers to startup_mspm0g350x_uvision.o(STACK) for __initial_sp
    startup_mspm0g350x_uvision.o(RESET) refers to startup_mspm0g350x_uvision.o(.text) for Reset_Handler
    startup_mspm0g350x_uvision.o(RESET) refers to motor.o(.text.GROUP1_IRQHandler) for GROUP1_IRQHandler
    startup_mspm0g350x_uvision.o(RESET) refers to board.o(.text.UART3_IRQHandler) for UART3_IRQHandler
    startup_mspm0g350x_uvision.o(RESET) refers to board.o(.text.UART1_IRQHandler) for UART1_IRQHandler
    startup_mspm0g350x_uvision.o(RESET) refers to board.o(.text.UART2_IRQHandler) for UART2_IRQHandler
    startup_mspm0g350x_uvision.o(RESET) refers to board.o(.text.UART0_IRQHandler) for UART0_IRQHandler
    startup_mspm0g350x_uvision.o(RESET) refers to board.o(.text.TIMG0_IRQHandler) for TIMG0_IRQHandler
    startup_mspm0g350x_uvision.o(.text) refers (Special) to heapauxi.o(.text) for __use_two_region_memory
    startup_mspm0g350x_uvision.o(.text) refers to __main.o(!!!main) for __main
    startup_mspm0g350x_uvision.o(.text) refers to startup_mspm0g350x_uvision.o(HEAP) for Heap_Mem
    startup_mspm0g350x_uvision.o(.text) refers to startup_mspm0g350x_uvision.o(STACK) for Stack_Mem
    ti_msp_dl_config.o(.text.SYSCFG_DL_init) refers to ti_msp_dl_config.o(.text.SYSCFG_DL_initPower) for SYSCFG_DL_initPower
    ti_msp_dl_config.o(.text.SYSCFG_DL_init) refers to ti_msp_dl_config.o(.text.SYSCFG_DL_GPIO_init) for SYSCFG_DL_GPIO_init
    ti_msp_dl_config.o(.text.SYSCFG_DL_init) refers to ti_msp_dl_config.o(.text.SYSCFG_DL_SYSCTL_init) for SYSCFG_DL_SYSCTL_init
    ti_msp_dl_config.o(.text.SYSCFG_DL_init) refers to ti_msp_dl_config.o(.text.SYSCFG_DL_PWM_Motor_init) for SYSCFG_DL_PWM_Motor_init
    ti_msp_dl_config.o(.text.SYSCFG_DL_init) refers to ti_msp_dl_config.o(.text.SYSCFG_DL_Servo_init) for SYSCFG_DL_Servo_init
    ti_msp_dl_config.o(.text.SYSCFG_DL_init) refers to ti_msp_dl_config.o(.text.SYSCFG_DL_TIMER_0_init) for SYSCFG_DL_TIMER_0_init
    ti_msp_dl_config.o(.text.SYSCFG_DL_init) refers to ti_msp_dl_config.o(.text.SYSCFG_DL_UART_0_init) for SYSCFG_DL_UART_0_init
    ti_msp_dl_config.o(.text.SYSCFG_DL_init) refers to ti_msp_dl_config.o(.text.SYSCFG_DL_UART_1_init) for SYSCFG_DL_UART_1_init
    ti_msp_dl_config.o(.text.SYSCFG_DL_init) refers to ti_msp_dl_config.o(.text.SYSCFG_DL_UART_3_init) for SYSCFG_DL_UART_3_init
    ti_msp_dl_config.o(.text.SYSCFG_DL_init) refers to ti_msp_dl_config.o(.text.SYSCFG_DL_UART_2_init) for SYSCFG_DL_UART_2_init
    ti_msp_dl_config.o(.text.SYSCFG_DL_init) refers to ti_msp_dl_config.o(.text.SYSCFG_DL_SPI_0_init) for SYSCFG_DL_SPI_0_init
    ti_msp_dl_config.o(.text.SYSCFG_DL_init) refers to ti_msp_dl_config.o(.text.SYSCFG_DL_SYSTICK_init) for SYSCFG_DL_SYSTICK_init
    ti_msp_dl_config.o(.text.SYSCFG_DL_init) refers to ti_msp_dl_config.o(.bss.gPWM_MotorBackup) for gPWM_MotorBackup
    ti_msp_dl_config.o(.text.SYSCFG_DL_init) refers to ti_msp_dl_config.o(.bss.gServoBackup) for gServoBackup
[...]
    __printf                                 0x00001531   Thumb Code   386  __printf_flags_ss_wp.o(.text)
    __ARM_scalbn                             0x000016b9   Thumb Code    84  dscalbn.o(.text)
    __aeabi_errno_addr                       0x00001719   Thumb Code     8  rt_errno_addr_intlibspace.o(.text)
    __errno$intlibspace                      0x00001719   Thumb Code     0  rt_errno_addr_intlibspace.o(.text)
    __rt_errno_addr$intlibspace              0x00001719   Thumb Code     0  rt_errno_addr_intlibspace.o(.text)
    _ll_udiv10                               0x00001721   Thumb Code   122  lludiv10.o(.text)
    _printf_int_common                       0x0000179b   Thumb Code   176  _printf_intcommon.o(.text)
    _printf_fp_dec_real                      0x000019e9   Thumb Code   620  _printf_fp_dec.o(.text)
    _printf_fp_hex_real                      0x00001c61   Thumb Code   718  _printf_fp_hex.o(.text)
    _printf_char_common                      0x00001f43   Thumb Code    32  _printf_char_common.o(.text)
    _printf_cs_common                        0x00001f69   Thumb Code    22  _printf_char.o(.text)
    _printf_char                             0x00001f7f   Thumb Code    16  _printf_char.o(.text)
    _printf_string                           0x00001f8f   Thumb Code     8  _printf_char.o(.text)
    _printf_lcs_common                       0x00001f97   Thumb Code    22  _printf_wchar.o(.text)
    _printf_wchar                            0x00001fad   Thumb Code    16  _printf_wchar.o(.text)
    _printf_wstring                          0x00001fbd   Thumb Code     8  _printf_wchar.o(.text)
    ferror                                   0x00001fc5   Thumb Code     8  ferror.o(.text)
    _c16rtomb                                0x00001fcd   Thumb Code    66  _c16rtomb.o(.text)
    _wcrtomb                                 0x00001fcd   Thumb Code     0  _c16rtomb.o(.text)
    __rt_udiv10                              0x0000200f   Thumb Code    40  rtudiv10.o(.text)
    __fpl_dcmp_InfNaN                        0x00002039   Thumb Code   154  dcmpin.o(.text)
    _dsqrt                                   0x000020d9   Thumb Code   248  dsqrt.o(.text)
    __fpl_fcmp_InfNaN                        0x000021d9   Thumb Code    96  fcmpin.o(.text)
    __user_libspace                          0x0000223d   Thumb Code     8  libspace.o(.text)
    __user_perproc_libspace                  0x0000223d   Thumb Code     0  libspace.o(.text)
    __user_perthread_libspace                0x0000223d   Thumb Code     0  libspace.o(.text)
    __user_setup_stackheap                   0x00002245   Thumb Code    62  sys_stackheap_outer.o(.text)
    __rt_ctype_table                         0x00002285   Thumb Code    16  rt_ctype_table.o(.text)
    __rt_locale                              0x00002295   Thumb Code     8  rt_locale_intlibspace.o(.text)
    _printf_fp_infnan                        0x0000229d   Thumb Code   120  _printf_fp_infnan.o(.text)
    _btod_etento                             0x00002325   Thumb Code   210  bigflt0.o(.text)
    _btod_d2e                                0x000023fd   Thumb Code    64  btod.o(.text)
    _btod_emul                               0x00002831   Thumb Code    28  btod.o(.text)
    _btod_emuld                              0x0000284d   Thumb Code   144  btod.o(.text)
    _btod_ediv                               0x000028dd   Thumb Code    26  btod.o(.text)
    _btod_edivd                              0x000028f7   Thumb Code   124  btod.o(.text)
    exit                                     0x0000297d   Thumb Code    16  exit.o(.text)
    __fpl_cmpreturn                          0x0000298d   Thumb Code    46  cmpret.o(.text)
    __fpl_dcheck_NaN2                        0x000029bd   Thumb Code    14  dnan2.o(.text)
    __fpl_fcheck_NaN2                        0x000029d1   Thumb Code    10  fnan2.o(.text)
    strcmp                                   0x000029e1   Thumb Code   132  strcmp.o(.text)
    __fpl_return_NaN                         0x00002a69   Thumb Code    94  retnan.o(.text)
    Control                                  0x00002ac9   Thumb Code   468  control.o(.text.Control)
    DL_Common_delayCycles                    0x00002ce1   Thumb Code    20  dl_common.o(.text.DL_Common_delayCycles)
    DL_SPI_init                              0x000030b1   Thumb Code    64  dl_spi.o(.text.DL_SPI_init)
    DL_SPI_setClockConfig                    0x00003171   Thumb Code    32  dl_spi.o(.text.DL_SPI_setClockConfig)
    DL_TimerA_initPWMMode                    0x00003279   Thumb Code   234  dl_timer.o(.text.DL_TimerA_initPWMMode)
    DL_Timer_initPWMMode                     0x000033c1   Thumb Code   260  dl_timer.o(.text.DL_Timer_initPWMMode)
    DL_Timer_initTimerMode                   0x000034cd   Thumb Code   252  dl_timer.o(.text.DL_Timer_initTimerMode)
    DL_Timer_setCaptCompUpdateMethod         0x000035ed   Thumb Code    48  dl_timer.o(.text.DL_Timer_setCaptCompUpdateMethod)
    DL_Timer_setCaptureCompareAction         0x0000361d   Thumb Code    44  dl_timer.o(.text.DL_Timer_setCaptureCompareAction)
    DL_Timer_setCaptureCompareCtl            0x00003651   Thumb Code    52  dl_timer.o(.text.DL_Timer_setCaptureCompareCtl)
    DL_Timer_setCaptureCompareInput          0x0000368d   Thumb Code    52  dl_timer.o(.text.DL_Timer_setCaptureCompareInput)
    DL_Timer_setCaptureCompareOutCtl         0x000036c1   Thumb Code    60  dl_timer.o(.text.DL_Timer_setCaptureCompareOutCtl)
    DL_Timer_setCaptureCompareValue          0x00003701   Thumb Code    40  dl_timer.o(.text.DL_Timer_setCaptureCompareValue)
    DL_Timer_setClockConfig                  0x0000372d   Thumb Code    44  dl_timer.o(.text.DL_Timer_setClockConfig)
    DL_UART_init                             0x00003809   Thumb Code    68  dl_uart.o(.text.DL_UART_init)
    DL_UART_setClockConfig                   0x000038e1   Thumb Code    32  dl_uart.o(.text.DL_UART_setClockConfig)
    GROUP1_IRQHandler                        0x00003939   Thumb Code   244  motor.o(.text.GROUP1_IRQHandler)
    GetPerEncoder                            0x00003a31   Thumb Code   228  motor.o(.text.GetPerEncoder)
    I2C_WaitAck                              0x00003b2d   Thumb Code   192  bsp_mpu6050.o(.text.I2C_WaitAck)
    IIC_Send_Ack                             0x00003bed   Thumb Code   128  bsp_mpu6050.o(.text.IIC_Send_Ack)
    IIC_Start                                0x00003c6d   Thumb Code    92  bsp_mpu6050.o(.text.IIC_Start)
    IIC_Stop                                 0x00003cc9   Thumb Code    84  bsp_mpu6050.o(.text.IIC_Stop)
    LCD_P6x8Char                             0x00003d21   Thumb Code   120  drv_oled.o(.text.LCD_P6x8Char)
    LCD_P6x8Str                              0x00003d99   Thumb Code   172  drv_oled.o(.text.LCD_P6x8Str)
    LCD_clear_L                              0x00003e49   Thumb Code    84  drv_oled.o(.text.LCD_clear_L)
    MPU6050ReadID                            0x00003e9d   Thumb Code    80  bsp_mpu6050.o(.text.MPU6050ReadID)
    MPU6050_Init                             0x00003ef9   Thumb Code   212  bsp_mpu6050.o(.text.MPU6050_Init)
    MPU6050_ReadData                         0x00003fd1   Thumb Code   214  bsp_mpu6050.o(.text.MPU6050_ReadData)
    MPU6050_WriteReg                         0x000040a7   Thumb Code   180  bsp_mpu6050.o(.text.MPU6050_WriteReg)
    MPU_Set_Accel_Fsr                        0x0000415b   Thumb Code    28  bsp_mpu6050.o(.text.MPU_Set_Accel_Fsr)
    MPU_Set_Gyro_Fsr                         0x00004177   Thumb Code    28  bsp_mpu6050.o(.text.MPU_Set_Gyro_Fsr)
    MPU_Set_LPF                              0x00004193   Thumb Code   142  bsp_mpu6050.o(.text.MPU_Set_LPF)
    MPU_Set_Rate                             0x00004221   Thumb Code   100  bsp_mpu6050.o(.text.MPU_Set_Rate)
    MainTask                                 0x00004289   Thumb Code   160  control.o(.text.MainTask)
    MotorSet                                 0x00004331   Thumb Code   172  motor.o(.text.MotorSet)
    OLED_Fill                                0x000043e5   Thumb Code   102  drv_oled.o(.text.OLED_Fill)
    OLED_Set_Pos                             0x0000444b   Thumb Code    54  drv_oled.o(.text.OLED_Set_Pos)
    OLED_WrCmd                               0x00004481   Thumb Code    20  drv_oled.o(.text.OLED_WrCmd)
    OLED_WrDat                               0x00004495   Thumb Code    20  drv_oled.o(.text.OLED_WrDat)
    PID_calc                                 0x000044a9   Thumb Code   724  pid.o(.text.PID_calc)
    PID_init                                 0x0000478d   Thumb Code   126  pid.o(.text.PID_init)
    Read_Byte                                0x0000480d   Thumb Code   156  bsp_mpu6050.o(.text.Read_Byte)
    SPI_LCD_WrCmd                            0x000048a9   Thumb Code    68  drv_spi.o(.text.SPI_LCD_WrCmd)
    SPI_LCD_WrDat                            0x000048ed   Thumb Code    56  drv_spi.o(.text.SPI_LCD_WrDat)
    SPI_WriteByte                            0x00004925   Thumb Code    60  drv_spi.o(.text.SPI_WriteByte)
    SYSCFG_DL_GPIO_init                      0x00004961   Thumb Code   424  ti_msp_dl_config.o(.text.SYSCFG_DL_GPIO_init)
    SYSCFG_DL_PWM_Motor_init                 0x00004b1d   Thumb Code   196  ti_msp_dl_config.o(.text.SYSCFG_DL_PWM_Motor_init)
    SYSCFG_DL_SPI_0_init                     0x00004bed   Thumb Code    52  ti_msp_dl_config.o(.text.SYSCFG_DL_SPI_0_init)
    SYSCFG_DL_SYSCTL_init                    0x00004c2d   Thumb Code    34  ti_msp_dl_config.o(.text.SYSCFG_DL_SYSCTL_init)
    SYSCFG_DL_SYSTICK_init                   0x00004c4f   Thumb Code    14  ti_msp_dl_config.o(.text.SYSCFG_DL_SYSTICK_init)
    SYSCFG_DL_Servo_init                     0x00004c5d   Thumb Code   120  ti_msp_dl_config.o(.text.SYSCFG_DL_Servo_init)
    SYSCFG_DL_TIMER_0_init                   0x00004ce1   Thumb Code    40  ti_msp_dl_config.o(.text.SYSCFG_DL_TIMER_0_init)
    SYSCFG_DL_UART_0_init                    0x00004d11   Thumb Code    60  ti_msp_dl_config.o(.text.SYSCFG_DL_UART_0_init)
    SYSCFG_DL_UART_1_init                    0x00004d55   Thumb Code    60  ti_msp_dl_config.o(.text.SYSCFG_DL_UART_1_init)
    SYSCFG_DL_UART_2_init                    0x00004d99   Thumb Code    60  ti_msp_dl_config.o(.text.SYSCFG_DL_UART_2_init)
    SYSCFG_DL_UART_3_init                    0x00004ddd   Thumb Code    60  ti_msp_dl_config.o(.text.SYSCFG_DL_UART_3_init)
    SYSCFG_DL_init                           0x00004e21   Thumb Code    76  ti_msp_dl_config.o(.text.SYSCFG_DL_init)
    SYSCFG_DL_initPower                      0x00004e7d   Thumb Code   156  ti_msp_dl_config.o(.text.SYSCFG_DL_initPower)
    Send_Byte                                0x00004f35   Thumb Code   160  bsp_mpu6050.o(.text.Send_Byte)
    TIMG0_IRQHandler                         0x00004fd9   Thumb Code   172  board.o(.text.TIMG0_IRQHandler)
    Task1                                    0x000050c1   Thumb Code   188  control.o(.text.Task1)
    Task2                                    0x00005195   Thumb Code   356  control.o(.text.Task2)
    Task3                                    0x00005321   Thumb Code   544  control.o(.text.Task3)
    Task4                                    0x00005585   Thumb Code    84  control.o(.text.Task4)
    UART0_IRQHandler                         0x000055ed   Thumb Code    88  board.o(.text.UART0_IRQHandler)
    UART1_IRQHandler                         0x00005655   Thumb Code   152  board.o(.text.UART1_IRQHandler)
    UART2_IRQHandler                         0x000056fd   Thumb Code    40  board.o(.text.UART2_IRQHandler)
    UART3_IRQHandler                         0x00005729   Thumb Code   172  board.o(.text.UART3_IRQHandler)
    XunJi                                    0x000057e9   Thumb Code   356  grayscale.o(.text.XunJi)
    _sys_exit                                0x000059c5   Thumb Code     8  board.o(.text._sys_exit)
    beepONTimeTask                           0x000059cd   Thumb Code    84  control.o(.text.beepONTimeTask)
    board_init                               0x00005a2d   Thumb Code   172  board.o(.text.board_init)
    clickKey                                 0x00005ae5   Thumb Code   244  board.o(.text.clickKey)
    delay_ms                                 0x00005c69   Thumb Code    18  board.o(.text.delay_ms)
    delay_us                                 0x00005ca1   Thumb Code    16  board.o(.text.delay_us)
    display_6_8_number_f1                    0x00005cb1   Thumb Code    32  drv_oled.o(.text.display_6_8_number_f1)
    display_6_8_string                       0x00005cd1   Thumb Code    32  drv_oled.o(.text.display_6_8_string)
    dmp_enable_6x_lp_quat                    0x00005cf1   Thumb Code    64  inv_mpu_dmp_motion_driver.o(.text.dmp_enable_6x_lp_quat)
    dmp_enable_feature                       0x00005d39   Thumb Code   608  inv_mpu_dmp_motion_driver.o(.text.dmp_enable_feature)
    dmp_enable_gyro_cal                      0x00005fb1   Thumb Code    80  inv_mpu_dmp_motion_driver.o(.text.dmp_enable_gyro_cal)
    dmp_enable_lp_quat                       0x00006011   Thumb Code    64  inv_mpu_dmp_motion_driver.o(.text.dmp_enable_lp_quat)
    dmp_load_motion_driver_firmware          0x00006059   Thumb Code    20  inv_mpu_dmp_motion_driver.o(.text.dmp_load_motion_driver_firmware)
    dmp_read_fifo                            0x00006075   Thumb Code   492  inv_mpu_dmp_motion_driver.o(.text.dmp_read_fifo)
    dmp_set_fifo_rate                        0x00006265   Thumb Code   128  inv_mpu_dmp_motion_driver.o(.text.dmp_set_fifo_rate)
    dmp_set_orientation                      0x000062fd   Thumb Code   344  inv_mpu_dmp_motion_driver.o(.text.dmp_set_orientation)
    dmp_set_shake_reject_thresh              0x00006475   Thumb Code    68  inv_mpu_dmp_motion_driver.o(.text.dmp_set_shake_reject_thresh)
    dmp_set_shake_reject_time                0x000064b9   Thumb Code    50  inv_mpu_dmp_motion_driver.o(.text.dmp_set_shake_reject_time)
    dmp_set_shake_reject_timeout             0x000064eb   Thumb Code    50  inv_mpu_dmp_motion_driver.o(.text.dmp_set_shake_reject_timeout)
    dmp_set_tap_axes                         0x0000651d   Thumb Code   102  inv_mpu_dmp_motion_driver.o(.text.dmp_set_tap_axes)
    dmp_set_tap_count                        0x00006583   Thumb Code    68  inv_mpu_dmp_motion_driver.o(.text.dmp_set_tap_count)
    dmp_set_tap_thresh                       0x000065c9   Thumb Code   544  inv_mpu_dmp_motion_driver.o(.text.dmp_set_tap_thresh)
    dmp_set_tap_time                         0x00006801   Thumb Code    48  inv_mpu_dmp_motion_driver.o(.text.dmp_set_tap_time)
    dmp_set_tap_time_multi                   0x00006831   Thumb Code    48  inv_mpu_dmp_motion_driver.o(.text.dmp_set_tap_time_multi)
    fputc                                    0x00006861   Thumb Code    40  board.o(.text.fputc)
    gw_gray_serial_read                      0x0000688d   Thumb Code   108  grayscale.o(.text.gw_gray_serial_read)
    inv_orientation_matrix_to_scalar         0x000068fd   Thumb Code    62  inv_mpu.o(.text.inv_orientation_matrix_to_scalar)
    inv_row_2_scale                          0x0000693b   Thumb Code   150  inv_mpu.o(.text.inv_row_2_scale)
    main                                     0x000069d1   Thumb Code   308  empty.o(.text.main)
    mget_ms                                  0x00006b2d   Thumb Code     8  inv_mpu.o(.text.mget_ms)
    mpu_configure_fifo                       0x00006b35   Thumb Code   184  inv_mpu.o(.text.mpu_configure_fifo)
    mpu_dmp_get_data                         0x00006bf1   Thumb Code   524  inv_mpu.o(.text.mpu_dmp_get_data)
    mpu_dmp_init                             0x00006e05   Thumb Code   276  inv_mpu.o(.text.mpu_dmp_init)
    mpu_get_accel_fsr                        0x00006f1d   Thumb Code   112  inv_mpu.o(.text.mpu_get_accel_fsr)
    mpu_init                                 0x00006f91   Thumb Code   512  inv_mpu.o(.text.mpu_init)
    mpu_load_firmware                        0x000071a1   Thumb Code   288  inv_mpu.o(.text.mpu_load_firmware)
    mpu_lp_accel_mode                        0x000072c5   Thumb Code   268  inv_mpu.o(.text.mpu_lp_accel_mode)
    mpu_read_fifo_stream                     0x000073d5   Thumb Code   260  inv_mpu.o(.text.mpu_read_fifo_stream)
    mpu_read_mem                             0x000074d9   Thumb Code   168  inv_mpu.o(.text.mpu_read_mem)
    mpu_reset_fifo                           0x00007585   Thumb Code   552  inv_mpu.o(.text.mpu_reset_fifo)
    mpu_set_accel_fsr                        0x000077b1   Thumb Code   224  inv_mpu.o(.text.mpu_set_accel_fsr)
    mpu_set_bypass                           0x00007895   Thumb Code   412  inv_mpu.o(.text.mpu_set_bypass)
    mpu_set_dmp_state                        0x00007a35   Thumb Code   180  inv_mpu.o(.text.mpu_set_dmp_state)
    mpu_set_gyro_fsr                         0x00007aed   Thumb Code   192  inv_mpu.o(.text.mpu_set_gyro_fsr)
    mpu_set_int_latched                      0x00007bb1   Thumb Code   152  inv_mpu.o(.text.mpu_set_int_latched)
    mpu_set_lpf                              0x00007c4d   Thumb Code   204  inv_mpu.o(.text.mpu_set_lpf)
    mpu_set_sample_rate                      0x00007d1d   Thumb Code   228  inv_mpu.o(.text.mpu_set_sample_rate)
    mpu_set_sensors                          0x00007e09   Thumb Code   300  inv_mpu.o(.text.mpu_set_sensors)
    mpu_write_mem                            0x00007f39   Thumb Code   168  inv_mpu.o(.text.mpu_write_mem)
    oled_init                                0x00007fe5   Thumb Code    56  drv_oled.o(.text.oled_init)
    ssd1306_begin                            0x000080f5   Thumb Code   316  ssd1306.o(.text.ssd1306_begin)
    ssd1306_command                          0x00008269   Thumb Code    20  ssd1306.o(.text.ssd1306_command)
    systemInit                               0x0000827d   Thumb Code   144  control.o(.text.systemInit)
    uart0_send_char                          0x00008339   Thumb Code    40  board.o(.text.uart0_send_char)
    write_6_8_number_f1                      0x00008365   Thumb Code  1024  drv_oled.o(.text.write_6_8_number_f1)
    __ARM_common_ll_muluu                    0x0000879d   Thumb Code    48  btod.o(i.__ARM_common_ll_muluu)
    __ARM_fpclassify                         0x000087cd   Thumb Code    40  fpclassify.o(i.__ARM_fpclassify)
    __kernel_poly                            0x000087f9   Thumb Code   172  poly.o(i.__kernel_poly)
    __mathlib_dbl_infnan                     0x000088a5   Thumb Code    10  dunder.o(i.__mathlib_dbl_infnan)
    __mathlib_dbl_infnan2                    0x000088af   Thumb Code     8  dunder.o(i.__mathlib_dbl_infnan2)
    __mathlib_dbl_invalid                    0x000088b7   Thumb Code    16  dunder.o(i.__mathlib_dbl_invalid)
    __mathlib_dbl_underflow                  0x000088c9   Thumb Code    14  dunder.o(i.__mathlib_dbl_underflow)
    __aeabi_fcmpge                           0x000088dd   Thumb Code     0  fcmp.o(i._fgeq)
    _fgeq                                    0x000088dd   Thumb Code    22  fcmp.o(i._fgeq)
    __aeabi_fcmple                           0x000088f3   Thumb Code     0  fcmp.o(i._fleq)
    _fleq                                    0x000088f3   Thumb Code    26  fcmp.o(i._fleq)
    __aeabi_fcmplt                           0x0000890d   Thumb Code     0  fcmp.o(i._fls)
    _fls                                     0x0000890d   Thumb Code    22  fcmp.o(i._fls)
    _is_digit                                0x00008923   Thumb Code    14  __printf_wp.o(i._is_digit)
    asin                                     0x00008931   Thumb Code   574  asin.o(i.asin)
    atan                                     0x00008ba5   Thumb Code   472  atan.o(i.atan)
    atan2                                    0x00008dc1   Thumb Code   372  atan2.o(i.atan2)
    sqrt                                     0x00008f5d   Thumb Code    66  sqrt.o(i.sqrt)
    _get_lc_numeric                          0x00008fa5   Thumb Code    44  lc_numeric_c.o(locale$$code)
    _get_lc_ctype                            0x00008fd1   Thumb Code    44  lc_ctype_c.o(locale$$code)
    __aeabi_cdcmpeq                          0x00008ffd   Thumb Code     0  deqf.o(x$fpl$deqf)
    _dcmpeq                                  0x00008ffd   Thumb Code    94  deqf.o(x$fpl$deqf)
    __aeabi_fadd                             0x00009061   Thumb Code     0  faddsub.o(x$fpl$fadd)
    _fadd                                    0x00009061   Thumb Code   134  faddsub.o(x$fpl$fadd)
    _fcmpge                                  0x000090ed   Thumb Code    78  fgef.o(x$fpl$fgeqf)
    __aeabi_cfcmple                          0x00009141   Thumb Code     0  flef.o(x$fpl$fleqf)
    _fcmple                                  0x00009141   Thumb Code    78  flef.o(x$fpl$fleqf)
    __aeabi_fmul                             0x00009195   Thumb Code     0  fmul.o(x$fpl$fmul)
    _fmul                                    0x00009195   Thumb Code   172  fmul.o(x$fpl$fmul)
    __aeabi_fsub                             0x00009245   Thumb Code     0  faddsub.o(x$fpl$fsub)
    _fsub                                    0x00009245   Thumb Code   204  faddsub.o(x$fpl$fsub)
    _printf_fp_dec                           0x00009315   Thumb Code    16  printf1.o(x$fpl$printf1)
    _printf_fp_hex                           0x00009325   Thumb Code    16  printf2.o(x$fpl$printf2)
    __I$use$fp                               0x00009334   Number         0  usenofp.o(x$fpl$usenofp)
    __mathlib_zero                           0x00009528   Data           8  qnan.o(.constdata)
    F6x8                                     0x000095ec   Data         552  drv_oled.o(.rodata.F6x8)
    hw                                       0x0000a478   Data          12  inv_mpu.o(.rodata.hw)
    reg                                      0x0000a484   Data          27  inv_mpu.o(.rodata.reg)
    test                                     0x0000a5bc   Data          40  inv_mpu.o(.rodata.test)
    Region$$Table$$Base                      0x0000a5e8   Number         0  anon$$obj.o(Region$$Table)
    Region$$Table$$Limit                     0x0000a608   Number         0  anon$$obj.o(Region$$Table)
    __ctype                                  0x0000a631   Data           0  lc_ctype_c.o(locale$$data)
    CarAnglePID                              0x20200000   Data          12  control.o(.data.CarAnglePID)
    MotorPID                                 0x2020000c   Data          12  control.o(.data.MotorPID)
    NOLineFlag                               0x20200018   Data           1  grayscale.o(.data.NOLineFlag)
    PosePID                                  0x2020001c   Data          12  control.o(.data.PosePID)
    XunJiPID                                 0x20200028   Data          12  control.o(.data.XunJiPID)
    alpha                                    0x20200034   Data           4  motor.o(.data.alpha)
    flag_for_task4                           0x20200038   Data           1  control.o(.data.flag_for_task4)
    __libspace_start                         0x20200070   Data          96  libspace.o(.bss)
    ControlFlag                              0x202000d0   Data           1  board.o(.bss.ControlFlag)
    __temporary_stack_top$libspace           0x202000d0   Data           0  libspace.o(.bss)
    Front_Left_Count                         0x202000d4   Data           4  motor.o(.bss.Front_Left_Count)
    Front_Right_Count                        0x202000d8   Data           4  motor.o(.bss.Front_Right_Count)
    PosetionOutPut                           0x202000e0   Data           4  control.o(.bss.PosetionOutPut)
    ReadMPUFlag                              0x202000e4   Data           1  board.o(.bss.ReadMPUFlag)
    Send2openmv                              0x202000e5   Data           5  board.o(.bss.Send2openmv)
    SendFlag                                 0x202000ea   Data           1  board.o(.bss.SendFlag)
    SensorBuf                                0x202000eb   Data           8  empty.o(.bss.SensorBuf)
    SerialScreenBuf                          0x202000f3   Data          10  board.o(.bss.SerialScreenBuf)
    Servo1Init                               0x202000fe   Data           2  control.o(.bss.Servo1Init)
    Servo2Init                               0x20200100   Data           2  control.o(.bss.Servo2Init)
    TargetEncoder                            0x20200104   Data           4  control.o(.bss.TargetEncoder)
    XunJiOutPut                              0x20200130   Data           4  control.o(.bss.XunJiOutPut)
    XunjiFlag                                0x20200134   Data           1  control.o(.bss.XunjiFlag)
    __stdout                                 0x20200138   Data          84  board.o(.bss.__stdout)
    _cp437                                   0x2020018c   Data           1  ssd1306.o(.bss._cp437)
    angle                                    0x20200194   Data           4  control.o(.bss.angle)
    angleFlag                                0x20200198   Data           1  control.o(.bss.angleFlag)
    angleOutPut                              0x2020019c   Data           4  control.o(.bss.angleOutPut)
    beepFlag                                 0x202001a0   Data           1  control.o(.bss.beepFlag)
    car                                      0x202001a4   Data         420  control.o(.bss.car)
    encoderSet                               0x2020035c   Data           4  control.o(.bss.encoderSet)
    gPWM_MotorBackup                         0x20200360   Data         188  ti_msp_dl_config.o(.bss.gPWM_MotorBackup)
    gSPI_0Backup                             0x2020041c   Data          40  ti_msp_dl_config.o(.bss.gSPI_0Backup)
    gServoBackup                             0x20200444   Data         188  ti_msp_dl_config.o(.bss.gServoBackup)
    gUART_3Backup                            0x20200500   Data          48  ti_msp_dl_config.o(.bss.gUART_3Backup)
    grayRet                                  0x20200530   Data           1  empty.o(.bss.grayRet)
    i                                        0x20200534   Data           4  board.o(.bss.i)
    key                                      0x20200538   Data           9  board.o(.bss.key)
    openmvBuf                                0x20200541   Data          10  board.o(.bss.openmvBuf)
    poseFlag                                 0x2020054b   Data           1  control.o(.bss.poseFlag)
    recv0_buff                               0x2020054c   Data         128  board.o(.bss.recv0_buff)
    recv0_flag                               0x202005cc   Data           1  board.o(.bss.recv0_flag)
    recv0_length                             0x202005ce   Data           2  board.o(.bss.recv0_length)
    showFlag                                 0x202005d1   Data           1  board.o(.bss.showFlag)
    taskflag                                 0x202005d2   Data           1  control.o(.bss.taskflag)
    wrap                                     0x202005d9   Data           1  ssd1306.o(.bss.wrap)



==============================================================================

Memory Map of the image

  Image Entry point : 0x000000c1

  Load Region LR_IROM1 (Base: 0x00000000, Size: 0x0000a7a8, Max: 0x00020000, ABSOLUTE)

    Execution Region ER_IROM1 (Exec base: 0x00000000, Load base: 0x00000000, Size: 0x0000a734, Max: 0x00020000, ABSOLUTE)

    Exec Addr    Load Addr    Size         Type   Attr      Idx    E Section Name        Object

    0x00000000   0x00000000   0x000000c0   Data   RO           15    RESET               startup_mspm0g350x_uvision.o
    0x000000c0   0x000000c0   0x00000008   Code   RO         1921  * !!!main             c_p.l(__main.o)
    0x000000c8   0x000000c8   0x00000054   Code   RO         2366    !!!scatter          c_p.l(__scatter.o)
    0x0000011c   0x0000011c   0x00000004   PAD
    0x00000120   0x00000120   0x0000001a   Code   RO         2370    !!handler_copy      c_p.l(__scatter_copy.o)
    0x0000013a   0x0000013a   0x00000006   PAD
    0x00000140   0x00000140   0x00000002   Code   RO         2367    !!handler_null      c_p.l(__scatter.o)
    0x00000142   0x00000142   0x00000006   PAD
    0x00000148   0x00000148   0x0000001c   Code   RO         2372    !!handler_zi        c_p.l(__scatter_zi.o)
    0x00000164   0x00000164   0x00000002   Code   RO         2064    .ARM.Collect$$_printf_percent$$00000000  c_p.l(_printf_percent.o)
    0x00000166   0x00000166   0x0000000a   Code   RO         2053    .ARM.Collect$$_printf_percent$$00000001  c_p.l(_printf_n.o)
    0x00000170   0x00000170   0x0000000a   Code   RO         2055    .ARM.Collect$$_printf_percent$$00000002  c_p.l(_printf_p.o)
    0x0000017a   0x0000017a   0x0000000a   Code   RO         2060    .ARM.Collect$$_printf_percent$$00000003  c_p.l(_printf_f.o)
    0x00000184   0x00000184   0x0000000a   Code   RO         2061    .ARM.Collect$$_printf_percent$$00000004  c_p.l(_printf_e.o)
    0x0000018e   0x0000018e   0x0000000a   Code   RO         2062    .ARM.Collect$$_printf_percent$$00000005  c_p.l(_printf_g.o)
    0x00000198   0x00000198   0x0000000a   Code   RO         2063    .ARM.Collect$$_printf_percent$$00000006  c_p.l(_printf_a.o)
    0x000001a2   0x000001a2   0x0000000a   Code   RO         2068    .ARM.Collect$$_printf_percent$$00000007  c_p.l(_printf_ll.o)
    0x000001ac   0x000001ac   0x0000000a   Code   RO         2057    .ARM.Collect$$_printf_percent$$00000008  c_p.l(_printf_i.o)
    0x000001b6   0x000001b6   0x0000000a   Code   RO         2058    .ARM.Collect$$_printf_percent$$00000009  c_p.l(_printf_d.o)
    0x000001c0   0x000001c0   0x0000000a   Code   RO         2059    .ARM.Collect$$_printf_percent$$0000000A  c_p.l(_printf_u.o)
    0x000001ca   0x000001ca   0x0000000a   Code   RO         2056    .ARM.Collect$$_printf_percent$$0000000B  c_p.l(_printf_o.o)
    0x000001d4   0x000001d4   0x0000000a   Code   RO         2054    .ARM.Collect$$_printf_percent$$0000000C  c_p.l(_printf_x.o)
    0x000001de   0x000001de   0x0000000a   Code   RO         2065    .ARM.Collect$$_printf_percent$$0000000D  c_p.l(_printf_lli.o)
    0x000001e8   0x000001e8   0x0000000a   Code   RO         2066    .ARM.Collect$$_printf_percent$$0000000E  c_p.l(_printf_lld.o)
    0x000001f2   0x000001f2   0x0000000a   Code   RO         2067    .ARM.Collect$$_printf_percent$$0000000F  c_p.l(_printf_llu.o)
    0x000001fc   0x000001fc   0x0000000a   Code   RO         2072    .ARM.Collect$$_printf_percent$$00000010  c_p.l(_printf_llo.o)
    0x00000206   0x00000206   0x0000000a   Code   RO         2073    .ARM.Collect$$_printf_percent$$00000011  c_p.l(_printf_llx.o)
    0x00000210   0x00000210   0x0000000a   Code   RO         2069    .ARM.Collect$$_printf_percent$$00000012  c_p.l(_printf_l.o)
    0x0000021a   0x0000021a   0x0000000a   Code   RO         2051    .ARM.Collect$$_printf_percent$$00000013  c_p.l(_printf_c.o)
    0x00000224   0x00000224   0x0000000a   Code   RO         2052    .ARM.Collect$$_printf_percent$$00000014  c_p.l(_printf_s.o)
    0x0000022e   0x0000022e   0x0000000a   Code   RO         2070    .ARM.Collect$$_printf_percent$$00000015  c_p.l(_printf_lc.o)
    0x00000238   0x00000238   0x0000000a   Code   RO         2071    .ARM.Collect$$_printf_percent$$00000016  c_p.l(_printf_ls.o)
    0x00000242   0x00000242   0x00000004   Code   RO         2160    .ARM.Collect$$_printf_percent$$00000017  c_p.l(_printf_percent_end.o)
    0x00000246   0x00000246   0x00000002   Code   RO         2215    .ARM.Collect$$libinit$$00000000  c_p.l(libinit.o)
    0x00000248   0x00000248   0x00000000   Code   RO         2241    .ARM.Collect$$libinit$$00000002  c_p.l(libinit2.o)
    0x00000248   0x00000248   0x00000000   Code   RO         2243    .ARM.Collect$$libinit$$00000004  c_p.l(libinit2.o)
    0x00000248   0x00000248   0x00000000   Code   RO         2245    .ARM.Collect$$libinit$$00000006  c_p.l(libinit2.o)
    0x00000248   0x00000248   0x00000000   Code   RO         2248    .ARM.Collect$$libinit$$0000000C  c_p.l(libinit2.o)
    0x00000248   0x00000248   0x00000000   Code   RO         2250    .ARM.Collect$$libinit$$0000000E  c_p.l(libinit2.o)
    0x00000248   0x00000248   0x00000000   Code   RO         2252    .ARM.Collect$$libinit$$00000010  c_p.l(libinit2.o)
    0x00000248   0x00000248   0x00000006   Code   RO         2253    .ARM.Collect$$libinit$$00000011  c_p.l(libinit2.o)
    0x0000024e   0x0000024e   0x00000000   Code   RO         2255    .ARM.Collect$$libinit$$00000013  c_p.l(libinit2.o)
    0x0000024e   0x0000024e   0x0000000c   Code   RO         2256    .ARM.Collect$$libinit$$00000014  c_p.l(libinit2.o)
    0x0000025a   0x0000025a   0x00000000   Code   RO         2257    .ARM.Collect$$libinit$$00000015  c_p.l(libinit2.o)
    0x0000025a   0x0000025a   0x00000000   Code   RO         2259    .ARM.Collect$$libinit$$00000017  c_p.l(libinit2.o)
    0x0000025a   0x0000025a   0x0000000a   Code   RO         2260    .ARM.Collect$$libinit$$00000018  c_p.l(libinit2.o)
    0x00000264   0x00000264   0x00000000   Code   RO         2261    .ARM.Collect$$libinit$$00000019  c_p.l(libinit2.o)
    0x00000264   0x00000264   0x00000000   Code   RO         2263    .ARM.Collect$$libinit$$0000001B  c_p.l(libinit2.o)
    0x00000264   0x00000264   0x00000000   Code   RO         2265    .ARM.Collect$$libinit$$0000001D  c_p.l(libinit2.o)
    0x00000264   0x00000264   0x00000000   Code   RO         2267    .ARM.Collect$$libinit$$0000001F  c_p.l(libinit2.o)
    0x00000264   0x00000264   0x00000000   Code   RO         2269    .ARM.Collect$$libinit$$00000021  c_p.l(libinit2.o)
    0x00000264   0x00000264   0x00000000   Code   RO         2271    .ARM.Collect$$libinit$$00000023  c_p.l(libinit2.o)
    0x00000264   0x00000264   0x00000000   Code   RO         2273    .ARM.Collect$$libinit$$00000025  c_p.l(libinit2.o)
    0x00000264   0x00000264   0x00000000   Code   RO         2275    .ARM.Collect$$libinit$$00000027  c_p.l(libinit2.o)
    0x00000264   0x00000264   0x00000000   Code   RO         2279    .ARM.Collect$$libinit$$0000002E  c_p.l(libinit2.o)
    0x00000264   0x00000264   0x00000000   Code   RO         2281    .ARM.Collect$$libinit$$00000030  c_p.l(libinit2.o)
    0x00000264   0x00000264   0x00000000   Code   RO         2283    .ARM.Collect$$libinit$$00000032  c_p.l(libinit2.o)
    0x00000264   0x00000264   0x00000000   Code   RO         2285    .ARM.Collect$$libinit$$00000034  c_p.l(libinit2.o)
    0x00000264   0x00000264   0x00000002   Code   RO         2286    .ARM.Collect$$libinit$$00000035  c_p.l(libinit2.o)
    0x00000266   0x00000266   0x00000002   Code   RO         2318    .ARM.Collect$$libshutdown$$00000000  c_p.l(libshutdown.o)
    0x00000268   0x00000268   0x00000000   Code   RO         2349    .ARM.Collect$$libshutdown$$00000002  c_p.l(libshutdown2.o)
    0x00000268   0x00000268   0x00000000   Code   RO         2351    .ARM.Collect$$libshutdown$$00000004  c_p.l(libshutdown2.o)
    0x00000268   0x00000268   0x00000000   Code   RO         2354    .ARM.Collect$$libshutdown$$00000007  c_p.l(libshutdown2.o)
    0x00000268   0x00000268   0x00000000   Code   RO         2357    .ARM.Collect$$libshutdown$$0000000A  c_p.l(libshutdown2.o)
    0x00000268   0x00000268   0x00000000   Code   RO         2359    .ARM.Collect$$libshutdown$$0000000C  c_p.l(libshutdown2.o)
    0x00000268   0x00000268   0x00000000   Code   RO         2362    .ARM.Collect$$libshutdown$$0000000F  c_p.l(libshutdown2.o)
    0x00000268   0x00000268   0x00000002   Code   RO         2363    .ARM.Collect$$libshutdown$$00000010  c_p.l(libshutdown2.o)
    0x0000026a   0x0000026a   0x00000000   Code   RO         1972    .ARM.Collect$$rtentry$$00000000  c_p.l(__rtentry.o)
    0x0000026a   0x0000026a   0x00000000   Code   RO         2122    .ARM.Collect$$rtentry$$00000002  c_p.l(__rtentry2.o)
    0x0000026a   0x0000026a   0x00000006   Code   RO         2134    .ARM.Collect$$rtentry$$00000004  c_p.l(__rtentry4.o)
    0x00000270   0x00000270   0x00000000   Code   RO         2124    .ARM.Collect$$rtentry$$00000009  c_p.l(__rtentry2.o)
    0x00000270   0x00000270   0x00000004   Code   RO         2125    .ARM.Collect$$rtentry$$0000000A  c_p.l(__rtentry2.o)
    0x00000274   0x00000274   0x00000000   Code   RO         2127    .ARM.Collect$$rtentry$$0000000C  c_p.l(__rtentry2.o)
    0x00000274   0x00000274   0x00000008   Code   RO         2128    .ARM.Collect$$rtentry$$0000000D  c_p.l(__rtentry2.o)
    0x0000027c   0x0000027c   0x00000002   Code   RO         2225    .ARM.Collect$$rtexit$$00000000  c_p.l(rtexit.o)
    0x0000027e   0x0000027e   0x00000000   Code   RO         2290    .ARM.Collect$$rtexit$$00000002  c_p.l(rtexit2.o)
    0x0000027e   0x0000027e   0x00000004   Code   RO         2291    .ARM.Collect$$rtexit$$00000003  c_p.l(rtexit2.o)
    0x00000282   0x00000282   0x00000006   Code   RO         2292    .ARM.Collect$$rtexit$$00000004  c_p.l(rtexit2.o)
    0x00000288   0x00000288   0x00000030   Code   RO           16    .text               startup_mspm0g350x_uvision.o
    0x000002b8   0x000002b8   0x0000001c   Code   RO         1909    .text               c_p.l(printf.o)
    0x000002d4   0x000002d4   0x0000005a   Code   RO         1911    .text               c_p.l(memcmp.o)
    0x0000032e   0x0000032e   0x00000002   PAD
    0x00000330   0x00000330   0x0000016c   Code   RO         1915    .text               c_p.l(aeabi_sdiv.o)
    0x0000049c   0x0000049c   0x00000006   Code   RO         1919    .text               c_p.l(heapauxi.o)
    0x000004a2   0x000004a2   0x00000002   PAD
    0x000004a4   0x000004a4   0x0000007c   Code   RO         1923    .text               fz_ps.l(d2f.o)
    0x00000520   0x00000520   0x00000358   Code   RO         1925    .text               fz_ps.l(daddsub.o)
    0x00000878   0x00000878   0x00000448   Code   RO         1927    .text               fz_ps.l(ddiv.o)
    0x00000cc0   0x00000cc0   0x00000248   Code   RO         1932    .text               fz_ps.l(dmul.o)
    0x00000f08   0x00000f08   0x00000054   Code   RO         1934    .text               fz_ps.l(f2d.o)
    0x00000f5c   0x00000f5c   0x00000160   Code   RO         1954    .text               fz_ps.l(fdiv.o)
    0x000010bc   0x000010bc   0x0000004c   Code   RO         1957    .text               fz_ps.l(ffixi.o)
    0x00001108   0x00001108   0x0000005e   Code   RO         1959    .text               fz_ps.l(fflti.o)
    0x00001166   0x00001166   0x00000016   Code   RO         1983    .text               c_p.l(_rserrno.o)
    0x0000117c   0x0000117c   0x0000004e   Code   RO         1987    .text               c_p.l(_printf_pad.o)
    0x000011ca   0x000011ca   0x00000024   Code   RO         1989    .text               c_p.l(_printf_truncate.o)
    0x000011ee   0x000011ee   0x00000052   Code   RO         1991    .text               c_p.l(_printf_str.o)
    0x00001240   0x00001240   0x0000006c   Code   RO         1993    .text               c_p.l(_printf_dec.o)
    0x000012ac   0x000012ac   0x00000026   Code   RO         1995    .text               c_p.l(_printf_charcount.o)
    0x000012d2   0x000012d2   0x00000002   PAD
    0x000012d4   0x000012d4   0x00000028   Code   RO         1997    .text               c_p.l(_printf_char_file.o)
    0x000012fc   0x000012fc   0x000000bc   Code   RO         1999    .text               c_p.l(_printf_wctomb.o)
    0x000013b8   0x000013b8   0x00000070   Code   RO         2002    .text               c_p.l(_printf_longlong_dec.o)
    0x00001428   0x00001428   0x00000070   Code   RO         2008    .text               c_p.l(_printf_oct_int_ll.o)
    0x00001498   0x00001498   0x00000098   Code   RO         2028    .text               c_p.l(_printf_hex_int_ll_ptr.o)
    0x00001530   0x00001530   0x00000188   Code   RO         2048    .text               c_p.l(__printf_flags_ss_wp.o)
    0x000016b8   0x000016b8   0x00000060   Code   RO         2076    .text               fz_ps.l(dscalbn.o)
    0x00001718   0x00001718   0x00000008   Code   RO         2141    .text               c_p.l(rt_errno_addr_intlibspace.o)
    0x00001720   0x00001720   0x0000007a   Code   RO         2143    .text               c_p.l(lludiv10.o)
    0x0000179a   0x0000179a   0x000000b0   Code   RO         2145    .text               c_p.l(_printf_intcommon.o)
    0x0000184a   0x0000184a   0x00000002   PAD
    0x0000184c   0x0000184c   0x00000414   Code   RO         2147    .text               c_p.l(_printf_fp_dec.o)
    0x00001c60   0x00001c60   0x000002d8   Code   RO         2151    .text               c_p.l(_printf_fp_hex.o)
    0x00001f38   0x00001f38   0x00000030   Code   RO         2154    .text               c_p.l(_printf_char_common.o)
    0x00001f68   0x00001f68   0x0000002e   Code   RO         2156    .text               c_p.l(_printf_char.o)
    0x00001f96   0x00001f96   0x0000002e   Code   RO         2158    .text               c_p.l(_printf_wchar.o)
    0x00001fc4   0x00001fc4   0x00000008   Code   RO         2161    .text               c_p.l(ferror.o)
    0x00001fcc   0x00001fcc   0x00000042   Code   RO         2165    .text               c_p.l(_c16rtomb.o)
    0x0000200e   0x0000200e   0x00000028   Code   RO         2167    .text               c_p.l(rtudiv10.o)
    0x00002036   0x00002036   0x00000002   PAD
    0x00002038   0x00002038   0x000000a0   Code   RO         2169    .text               fz_ps.l(dcmpin.o)
    0x000020d8   0x000020d8   0x00000100   Code   RO         2171    .text               fz_ps.l(dsqrt.o)
    0x000021d8   0x000021d8   0x00000064   Code   RO         2173    .text               fz_ps.l(fcmpin.o)
    0x0000223c   0x0000223c   0x00000008   Code   RO         2175    .text               c_p.l(libspace.o)
    0x00002244   0x00002244   0x0000003e   Code   RO         2178    .text               c_p.l(sys_stackheap_outer.o)
    0x00002282   0x00002282   0x00000002   PAD
    0x00002284   0x00002284   0x00000010   Code   RO         2181    .text               c_p.l(rt_ctype_table.o)
    0x00002294   0x00002294   0x00000008   Code   RO         2186    .text               c_p.l(rt_locale_intlibspace.o)
    0x0000229c   0x0000229c   0x00000088   Code   RO         2188    .text               c_p.l(_printf_fp_infnan.o)
    0x00002324   0x00002324   0x000000d8   Code   RO         2192    .text               c_p.l(bigflt0.o)
    0x000023fc   0x000023fc   0x00000580   Code   RO         2195    .text               c_p.l(btod.o)
    0x0000297c   0x0000297c   0x00000010   Code   RO         2204    .text               c_p.l(exit.o)
    0x0000298c   0x0000298c   0x0000002e   Code   RO         2216    .text               fz_ps.l(cmpret.o)
    0x000029ba   0x000029ba   0x00000002   PAD
    0x000029bc   0x000029bc   0x00000014   Code   RO         2218    .text               fz_ps.l(dnan2.o)
    0x000029d0   0x000029d0   0x00000010   Code   RO         2220    .text               fz_ps.l(fnan2.o)
    0x000029e0   0x000029e0   0x00000088   Code   RO         2238    .text               c_p.l(strcmp.o)
    0x00002a68   0x00002a68   0x0000005e   Code   RO         2287    .text               fz_ps.l(retnan.o)
    0x00002ac6   0x00002ac6   0x00000002   PAD
    0x00002ac8   0x00002ac8   0x00000218   Code   RO          287    .text.Control       control.o
    0x00002ce0   0x00002ce0   0x00000014   Code   RO         1646    .text.DL_Common_delayCycles  dl_common.o
    0x00002cf4   0x00002cf4   0x00000028   Code   RO          125    .text.DL_Common_updateReg  ti_msp_dl_config.o
    0x00002d1c   0x00002d1c   0x00000028   Code   RO          628    .text.DL_Common_updateReg  dl_uart.o
    0x00002d44   0x00002d44   0x00000028   Code   RO          718    .text.DL_Common_updateReg  dl_timer.o
    0x00002d6c   0x00002d6c   0x00000028   Code   RO          791    .text.DL_Common_updateReg  dl_spi.o
    0x00002d94   0x00002d94   0x00000018   Code   RO           87    .text.DL_GPIO_clearInterruptStatus  ti_msp_dl_config.o
    0x00002dac   0x00002dac   0x0000001c   Code   RO          259    .text.DL_GPIO_clearInterruptStatus  motor.o
    0x00002dc8   0x00002dc8   0x00000014   Code   RO           81    .text.DL_GPIO_clearPins  ti_msp_dl_config.o
    0x00002ddc   0x00002ddc   0x00000014   Code   RO          293    .text.DL_GPIO_clearPins  control.o
    0x00002df0   0x00002df0   0x00000014   Code   RO          354    .text.DL_GPIO_clearPins  bsp_mpu6050.o
    0x00002e04   0x00002e04   0x00000014   Code   RO          593    .text.DL_GPIO_clearPins  grayscale.o
    0x00002e18   0x00002e18   0x00000014   Code   RO         1729    .text.DL_GPIO_clearPins  drv_oled.o
    0x00002e2c   0x00002e2c   0x00000014   Code   RO         1766    .text.DL_GPIO_clearPins  drv_spi.o
    0x00002e40   0x00002e40   0x0000001c   Code   RO           89    .text.DL_GPIO_enableInterrupt  ti_msp_dl_config.o
    0x00002e5c   0x00002e5c   0x00000014   Code   RO           71    .text.DL_GPIO_enableOutput  ti_msp_dl_config.o
    0x00002e70   0x00002e70   0x00000018   Code   RO          352    .text.DL_GPIO_enableOutput  bsp_mpu6050.o
    0x00002e88   0x00002e88   0x00000014   Code   RO           61    .text.DL_GPIO_enablePower  ti_msp_dl_config.o
    0x00002e9c   0x00002e9c   0x00000018   Code   RO          255    .text.DL_GPIO_getEnabledInterruptStatus  motor.o
    0x00002eb4   0x00002eb4   0x00000014   Code   RO           77    .text.DL_GPIO_initDigitalInput  ti_msp_dl_config.o
    0x00002ec8   0x00002ec8   0x00000014   Code   RO          362    .text.DL_GPIO_initDigitalInput  bsp_mpu6050.o
    0x00002edc   0x00002edc   0x00000030   Code   RO           79    .text.DL_GPIO_initDigitalInputFeatures  ti_msp_dl_config.o
    0x00002f0c   0x00002f0c   0x00000014   Code   RO           75    .text.DL_GPIO_initDigitalOutput  ti_msp_dl_config.o
    0x00002f20   0x00002f20   0x00000014   Code   RO          348    .text.DL_GPIO_initDigitalOutput  bsp_mpu6050.o
    0x00002f34   0x00002f34   0x0000001c   Code   RO           73    .text.DL_GPIO_initPeripheralInputFunction  ti_msp_dl_config.o
    0x00002f50   0x00002f50   0x0000001c   Code   RO           69    .text.DL_GPIO_initPeripheralOutputFunction  ti_msp_dl_config.o
    0x00002f6c   0x00002f6c   0x00000016   Code   RO          164    .text.DL_GPIO_readPins  board.o
    0x00002f82   0x00002f82   0x00000016   Code   RO          257    .text.DL_GPIO_readPins  motor.o
    0x00002f98   0x00002f98   0x00000016   Code   RO          364    .text.DL_GPIO_readPins  bsp_mpu6050.o
    0x00002fae   0x00002fae   0x00000016   Code   RO          595    .text.DL_GPIO_readPins  grayscale.o
    0x00002fc4   0x00002fc4   0x00000010   Code   RO           53    .text.DL_GPIO_reset  ti_msp_dl_config.o
    0x00002fd4   0x00002fd4   0x0000001c   Code   RO           85    .text.DL_GPIO_setLowerPinsPolarity  ti_msp_dl_config.o
    0x00002ff0   0x00002ff0   0x00000014   Code   RO           83    .text.DL_GPIO_setPins  ti_msp_dl_config.o
    0x00003004   0x00003004   0x00000014   Code   RO          291    .text.DL_GPIO_setPins  control.o
    0x00003018   0x00003018   0x00000014   Code   RO          350    .text.DL_GPIO_setPins  bsp_mpu6050.o
    0x0000302c   0x0000302c   0x00000014   Code   RO          597    .text.DL_GPIO_setPins  grayscale.o
    0x00003040   0x00003040   0x00000014   Code   RO         1733    .text.DL_GPIO_setPins  drv_oled.o
    0x00003054   0x00003054   0x00000018   Code   RO         1768    .text.DL_GPIO_setPins  drv_spi.o
    0x0000306c   0x0000306c   0x00000018   Code   RO          170    .text.DL_GPIO_togglePins  board.o
    0x00003084   0x00003084   0x00000014   Code   RO          119    .text.DL_SPI_enable  ti_msp_dl_config.o
    0x00003098   0x00003098   0x00000018   Code   RO           67    .text.DL_SPI_enablePower  ti_msp_dl_config.o
    0x000030b0   0x000030b0   0x00000048   Code   RO          789    .text.DL_SPI_init   dl_spi.o
    0x000030f8   0x000030f8   0x00000014   Code   RO         1756    .text.DL_SPI_isBusy  drv_spi.o
    0x0000310c   0x0000310c   0x00000018   Code   RO         1760    .text.DL_SPI_isRXFIFOEmpty  drv_spi.o
    0x00003124   0x00003124   0x00000014   Code   RO         1762    .text.DL_SPI_receiveData8  drv_spi.o
    0x00003138   0x00003138   0x00000018   Code   RO           59    .text.DL_SPI_reset  ti_msp_dl_config.o
    0x00003150   0x00003150   0x00000020   Code   RO          115    .text.DL_SPI_setBitRateSerialClockDivider  ti_msp_dl_config.o
    0x00003170   0x00003170   0x00000024   Code   RO          793    .text.DL_SPI_setClockConfig  dl_spi.o
    0x00003194   0x00003194   0x00000030   Code   RO          117    .text.DL_SPI_setFIFOThreshold  ti_msp_dl_config.o
    0x000031c4   0x000031c4   0x00000016   Code   RO         1758    .text.DL_SPI_transmitData8  drv_spi.o
    0x000031da   0x000031da   0x00000002   PAD
    0x000031dc   0x000031dc   0x0000000c   Code   RO           95    .text.DL_SYSCTL_disableHFXT  ti_msp_dl_config.o
    0x000031e8   0x000031e8   0x00000014   Code   RO           97    .text.DL_SYSCTL_disableSYSPLL  ti_msp_dl_config.o
    0x000031fc   0x000031fc   0x00000014   Code   RO           99    .text.DL_SYSCTL_enableMFCLK  ti_msp_dl_config.o
    0x00003210   0x00003210   0x00000018   Code   RO           91    .text.DL_SYSCTL_setBORThreshold  ti_msp_dl_config.o
    0x00003228   0x00003228   0x0000001c   Code   RO           93    .text.DL_SYSCTL_setSYSOSCFreq  ti_msp_dl_config.o
    0x00003244   0x00003244   0x0000000c   Code   RO          123    .text.DL_SYSTICK_enable  ti_msp_dl_config.o
    0x00003250   0x00003250   0x00000028   Code   RO          121    .text.DL_SYSTICK_init  ti_msp_dl_config.o
    0x00003278   0x00003278   0x000000ea   Code   RO          770    .text.DL_TimerA_initPWMMode  dl_timer.o
    0x00003362   0x00003362   0x00000002   PAD
    0x00003364   0x00003364   0x00000014   Code   RO          101    .text.DL_Timer_enableClock  ti_msp_dl_config.o
    0x00003378   0x00003378   0x0000001c   Code   RO          105    .text.DL_Timer_enableInterrupt  ti_msp_dl_config.o
    0x00003394   0x00003394   0x00000018   Code   RO           63    .text.DL_Timer_enablePower  ti_msp_dl_config.o
    0x000033ac   0x000033ac   0x00000012   Code   RO          168    .text.DL_Timer_getPendingInterrupt  board.o
    0x000033be   0x000033be   0x00000002   PAD
    0x000033c0   0x000033c0   0x0000010c   Code   RO          730    .text.DL_Timer_initPWMMode  dl_timer.o
    0x000034cc   0x000034cc   0x000000fc   Code   RO          700    .text.DL_Timer_initTimerMode  dl_timer.o
    0x000035c8   0x000035c8   0x00000010   Code   RO           55    .text.DL_Timer_reset  ti_msp_dl_config.o
    0x000035d8   0x000035d8   0x00000014   Code   RO          103    .text.DL_Timer_setCCPDirection  ti_msp_dl_config.o
    0x000035ec   0x000035ec   0x00000030   Code   RO          744    .text.DL_Timer_setCaptCompUpdateMethod  dl_timer.o
    0x0000361c   0x0000361c   0x00000034   Code   RO          732    .text.DL_Timer_setCaptureCompareAction  dl_timer.o
    0x00003650   0x00003650   0x0000003c   Code   RO          708    .text.DL_Timer_setCaptureCompareCtl  dl_timer.o
    0x0000368c   0x0000368c   0x00000034   Code   RO          714    .text.DL_Timer_setCaptureCompareInput  dl_timer.o
    0x000036c0   0x000036c0   0x00000040   Code   RO          734    .text.DL_Timer_setCaptureCompareOutCtl  dl_timer.o
    0x00003700   0x00003700   0x0000002c   Code   RO          706    .text.DL_Timer_setCaptureCompareValue  dl_timer.o
    0x0000372c   0x0000372c   0x00000030   Code   RO          696    .text.DL_Timer_setClockConfig  dl_timer.o
    0x0000375c   0x0000375c   0x00000020   Code   RO          704    .text.DL_Timer_setCounterValueAfterEnable  dl_timer.o
    0x0000377c   0x0000377c   0x00000018   Code   RO          702    .text.DL_Timer_setLoadValue  dl_timer.o
    0x00003794   0x00003794   0x00000016   Code   RO          626    .text.DL_UART_disable  dl_uart.o
    0x000037aa   0x000037aa   0x00000016   Code   RO          113    .text.DL_UART_enable  ti_msp_dl_config.o
    0x000037c0   0x000037c0   0x0000001c   Code   RO          111    .text.DL_UART_enableInterrupt  ti_msp_dl_config.o
    0x000037dc   0x000037dc   0x00000018   Code   RO           65    .text.DL_UART_enablePower  ti_msp_dl_config.o
    0x000037f4   0x000037f4   0x00000012   Code   RO          200    .text.DL_UART_getPendingInterrupt  board.o
    0x00003806   0x00003806   0x00000002   PAD
    0x00003808   0x00003808   0x00000048   Code   RO          624    .text.DL_UART_init  dl_uart.o
    0x00003850   0x00003850   0x00000018   Code   RO          180    .text.DL_UART_isBusy  board.o
    0x00003868   0x00003868   0x00000014   Code   RO          202    .text.DL_UART_receiveData  board.o
    0x0000387c   0x0000387c   0x00000018   Code   RO           57    .text.DL_UART_reset  ti_msp_dl_config.o
    0x00003894   0x00003894   0x0000004c   Code   RO          109    .text.DL_UART_setBaudRateDivisor  ti_msp_dl_config.o
    0x000038e0   0x000038e0   0x00000024   Code   RO          630    .text.DL_UART_setClockConfig  dl_uart.o
    0x00003904   0x00003904   0x0000001e   Code   RO          107    .text.DL_UART_setOversampling  ti_msp_dl_config.o
    0x00003922   0x00003922   0x00000016   Code   RO          182    .text.DL_UART_transmitData  board.o
    0x00003938   0x00003938   0x000000f8   Code   RO          253    .text.GROUP1_IRQHandler  motor.o
    0x00003a30   0x00003a30   0x000000fc   Code   RO          251    .text.GetPerEncoder  motor.o
    0x00003b2c   0x00003b2c   0x000000c0   Code   RO          360    .text.I2C_WaitAck   bsp_mpu6050.o
    0x00003bec   0x00003bec   0x00000080   Code   RO          358    .text.IIC_Send_Ack  bsp_mpu6050.o
    0x00003c6c   0x00003c6c   0x0000005c   Code   RO          346    .text.IIC_Start     bsp_mpu6050.o
    0x00003cc8   0x00003cc8   0x00000058   Code   RO          356    .text.IIC_Stop      bsp_mpu6050.o
    0x00003d20   0x00003d20   0x00000078   Code   RO         1719    .text.LCD_P6x8Char  drv_oled.o
    0x00003d98   0x00003d98   0x000000b0   Code   RO         1717    .text.LCD_P6x8Str   drv_oled.o
    0x00003e48   0x00003e48   0x00000054   Code   RO         1723    .text.LCD_clear_L   drv_oled.o
    0x00003e9c   0x00003e9c   0x0000005c   Code   RO          388    .text.MPU6050ReadID  bsp_mpu6050.o
    0x00003ef8   0x00003ef8   0x000000d8   Code   RO          390    .text.MPU6050_Init  bsp_mpu6050.o
    0x00003fd0   0x00003fd0   0x000000d6   Code   RO          372    .text.MPU6050_ReadData  bsp_mpu6050.o
    0x000040a6   0x000040a6   0x000000b4   Code   RO          370    .text.MPU6050_WriteReg  bsp_mpu6050.o
    0x0000415a   0x0000415a   0x0000001c   Code   RO          376    .text.MPU_Set_Accel_Fsr  bsp_mpu6050.o
    0x00004176   0x00004176   0x0000001c   Code   RO          374    .text.MPU_Set_Gyro_Fsr  bsp_mpu6050.o
    0x00004192   0x00004192   0x0000008e   Code   RO          378    .text.MPU_Set_LPF   bsp_mpu6050.o
    0x00004220   0x00004220   0x00000068   Code   RO          380    .text.MPU_Set_Rate  bsp_mpu6050.o
    0x00004288   0x00004288   0x000000a8   Code   RO          303    .text.MainTask      control.o
    0x00004330   0x00004330   0x000000b4   Code   RO          249    .text.MotorSet      motor.o
    0x000043e4   0x000043e4   0x00000066   Code   RO         1713    .text.OLED_Fill     drv_oled.o
    0x0000444a   0x0000444a   0x00000036   Code   RO         1711    .text.OLED_Set_Pos  drv_oled.o
    0x00004480   0x00004480   0x00000014   Code   RO         1709    .text.OLED_WrCmd    drv_oled.o
    0x00004494   0x00004494   0x00000014   Code   RO         1707    .text.OLED_WrDat    drv_oled.o
    0x000044a8   0x000044a8   0x000002e4   Code   RO          274    .text.PID_calc      pid.o
    0x0000478c   0x0000478c   0x0000007e   Code   RO          272    .text.PID_init      pid.o
    0x0000480a   0x0000480a   0x00000002   PAD
    0x0000480c   0x0000480c   0x0000009c   Code   RO          368    .text.Read_Byte     bsp_mpu6050.o
    0x000048a8   0x000048a8   0x00000044   Code   RO         1770    .text.SPI_LCD_WrCmd  drv_spi.o
    0x000048ec   0x000048ec   0x00000038   Code   RO         1764    .text.SPI_LCD_WrDat  drv_spi.o
    0x00004924   0x00004924   0x0000003c   Code   RO         1754    .text.SPI_WriteByte  drv_spi.o
    0x00004960   0x00004960   0x000001bc   Code   RO           27    .text.SYSCFG_DL_GPIO_init  ti_msp_dl_config.o
    0x00004b1c   0x00004b1c   0x000000d0   Code   RO           31    .text.SYSCFG_DL_PWM_Motor_init  ti_msp_dl_config.o
    0x00004bec   0x00004bec   0x00000040   Code   RO           45    .text.SYSCFG_DL_SPI_0_init  ti_msp_dl_config.o
    0x00004c2c   0x00004c2c   0x00000022   Code   RO           29    .text.SYSCFG_DL_SYSCTL_init  ti_msp_dl_config.o
    0x00004c4e   0x00004c4e   0x0000000e   Code   RO           47    .text.SYSCFG_DL_SYSTICK_init  ti_msp_dl_config.o
    0x00004c5c   0x00004c5c   0x00000084   Code   RO           33    .text.SYSCFG_DL_Servo_init  ti_msp_dl_config.o
    0x00004ce0   0x00004ce0   0x00000030   Code   RO           35    .text.SYSCFG_DL_TIMER_0_init  ti_msp_dl_config.o
    0x00004d10   0x00004d10   0x00000044   Code   RO           37    .text.SYSCFG_DL_UART_0_init  ti_msp_dl_config.o
    0x00004d54   0x00004d54   0x00000044   Code   RO           39    .text.SYSCFG_DL_UART_1_init  ti_msp_dl_config.o
    0x00004d98   0x00004d98   0x00000044   Code   RO           43    .text.SYSCFG_DL_UART_2_init  ti_msp_dl_config.o
    0x00004ddc   0x00004ddc   0x00000044   Code   RO           41    .text.SYSCFG_DL_UART_3_init  ti_msp_dl_config.o
    0x00004e20   0x00004e20   0x0000005c   Code   RO           23    .text.SYSCFG_DL_init  ti_msp_dl_config.o
    0x00004e7c   0x00004e7c   0x000000b8   Code   RO           25    .text.SYSCFG_DL_initPower  ti_msp_dl_config.o
    0x00004f34   0x00004f34   0x000000a4   Code   RO          366    .text.Send_Byte     bsp_mpu6050.o
    0x00004fd8   0x00004fd8   0x000000e8   Code   RO          166    .text.TIMG0_IRQHandler  board.o
    0x000050c0   0x000050c0   0x000000d4   Code   RO          295    .text.Task1         control.o
    0x00005194   0x00005194   0x0000018c   Code   RO          297    .text.Task2         control.o
    0x00005320   0x00005320   0x00000264   Code   RO          299    .text.Task3         control.o
    0x00005584   0x00005584   0x00000068   Code   RO          301    .text.Task4         control.o
    0x000055ec   0x000055ec   0x00000068   Code   RO          198    .text.UART0_IRQHandler  board.o
    0x00005654   0x00005654   0x000000a8   Code   RO          204    .text.UART1_IRQHandler  board.o
    0x000056fc   0x000056fc   0x0000002c   Code   RO          212    .text.UART2_IRQHandler  board.o
    0x00005728   0x00005728   0x000000c0   Code   RO          206    .text.UART3_IRQHandler  board.o
    0x000057e8   0x000057e8   0x00000184   Code   RO          599    .text.XunJi         grayscale.o
    0x0000596c   0x0000596c   0x0000002c   Code   RO          156    .text.__NVIC_ClearPendingIRQ  board.o
    0x00005998   0x00005998   0x0000002c   Code   RO          158    .text.__NVIC_EnableIRQ  board.o
    0x000059c4   0x000059c4   0x00000008   Code   RO          194    .text._sys_exit     board.o
    0x000059cc   0x000059cc   0x00000060   Code   RO          289    .text.beepONTimeTask  control.o
    0x00005a2c   0x00005a2c   0x000000b8   Code   RO          154    .text.board_init    board.o
    0x00005ae4   0x00005ae4   0x000000fc   Code   RO          162    .text.clickKey      board.o
    0x00005be0   0x00005be0   0x00000088   Code   RO          567    .text.decode_gesture  inv_mpu_dmp_motion_driver.o
    0x00005c68   0x00005c68   0x00000012   Code   RO          160    .text.delay_ms      board.o
    0x00005c7a   0x00005c7a   0x00000026   Code   RO         1731    .text.delay_ms      drv_oled.o
    0x00005ca0   0x00005ca0   0x00000010   Code   RO          172    .text.delay_us      board.o
    0x00005cb0   0x00005cb0   0x00000020   Code   RO         1743    .text.display_6_8_number_f1  drv_oled.o
    0x00005cd0   0x00005cd0   0x00000020   Code   RO         1737    .text.display_6_8_string  drv_oled.o
    0x00005cf0   0x00005cf0   0x00000048   Code   RO          559    .text.dmp_enable_6x_lp_quat  inv_mpu_dmp_motion_driver.o
    0x00005d38   0x00005d38   0x00000278   Code   RO          553    .text.dmp_enable_feature  inv_mpu_dmp_motion_driver.o
    0x00005fb0   0x00005fb0   0x00000060   Code   RO          555    .text.dmp_enable_gyro_cal  inv_mpu_dmp_motion_driver.o
    0x00006010   0x00006010   0x00000048   Code   RO          557    .text.dmp_enable_lp_quat  inv_mpu_dmp_motion_driver.o
    0x00006058   0x00006058   0x0000001c   Code   RO          517    .text.dmp_load_motion_driver_firmware  inv_mpu_dmp_motion_driver.o
    0x00006074   0x00006074   0x000001f0   Code   RO          565    .text.dmp_read_fifo  inv_mpu_dmp_motion_driver.o
    0x00006264   0x00006264   0x00000098   Code   RO          525    .text.dmp_set_fifo_rate  inv_mpu_dmp_motion_driver.o
    0x000062fc   0x000062fc   0x00000178   Code   RO          519    .text.dmp_set_orientation  inv_mpu_dmp_motion_driver.o
    0x00006474   0x00006474   0x00000044   Code   RO          539    .text.dmp_set_shake_reject_thresh  inv_mpu_dmp_motion_driver.o
    0x000064b8   0x000064b8   0x00000032   Code   RO          541    .text.dmp_set_shake_reject_time  inv_mpu_dmp_motion_driver.o
    0x000064ea   0x000064ea   0x00000032   Code   RO          543    .text.dmp_set_shake_reject_timeout  inv_mpu_dmp_motion_driver.o
    0x0000651c   0x0000651c   0x00000066   Code   RO          531    .text.dmp_set_tap_axes  inv_mpu_dmp_motion_driver.o
    0x00006582   0x00006582   0x00000044   Code   RO          533    .text.dmp_set_tap_count  inv_mpu_dmp_motion_driver.o
    0x000065c6   0x000065c6   0x00000002   PAD
    0x000065c8   0x000065c8   0x00000238   Code   RO          529    .text.dmp_set_tap_thresh  inv_mpu_dmp_motion_driver.o
    0x00006800   0x00006800   0x00000030   Code   RO          535    .text.dmp_set_tap_time  inv_mpu_dmp_motion_driver.o
    0x00006830   0x00006830   0x00000030   Code   RO          537    .text.dmp_set_tap_time_multi  inv_mpu_dmp_motion_driver.o
    0x00006860   0x00006860   0x0000002c   Code   RO          196    .text.fputc         board.o
    0x0000688c   0x0000688c   0x00000070   Code   RO          591    .text.gw_gray_serial_read  grayscale.o
    0x000068fc   0x000068fc   0x0000003e   Code   RO          494    .text.inv_orientation_matrix_to_scalar  inv_mpu.o
    0x0000693a   0x0000693a   0x00000096   Code   RO          496    .text.inv_row_2_scale  inv_mpu.o
    0x000069d0   0x000069d0   0x0000015c   Code   RO            2    .text.main          empty.o
    0x00006b2c   0x00006b2c   0x00000008   Code   RO          426    .text.mget_ms       inv_mpu.o
    0x00006b34   0x00006b34   0x000000bc   Code   RO          414    .text.mpu_configure_fifo  inv_mpu.o
    0x00006bf0   0x00006bf0   0x00000214   Code   RO          500    .text.mpu_dmp_get_data  inv_mpu.o
    0x00006e04   0x00006e04   0x00000118   Code   RO          498    .text.mpu_dmp_init  inv_mpu.o
    0x00006f1c   0x00006f1c   0x00000074   Code   RO          438    .text.mpu_get_accel_fsr  inv_mpu.o
    0x00006f90   0x00006f90   0x00000210   Code   RO          404    .text.mpu_init      inv_mpu.o
    0x000071a0   0x000071a0   0x00000124   Code   RO          480    .text.mpu_load_firmware  inv_mpu.o
    0x000072c4   0x000072c4   0x00000110   Code   RO          420    .text.mpu_lp_accel_mode  inv_mpu.o
    0x000073d4   0x000073d4   0x00000104   Code   RO          462    .text.mpu_read_fifo_stream  inv_mpu.o
    0x000074d8   0x000074d8   0x000000ac   Code   RO          478    .text.mpu_read_mem  inv_mpu.o
    0x00007584   0x00007584   0x0000022c   Code   RO          434    .text.mpu_reset_fifo  inv_mpu.o
    0x000077b0   0x000077b0   0x000000e4   Code   RO          408    .text.mpu_set_accel_fsr  inv_mpu.o
    0x00007894   0x00007894   0x000001a0   Code   RO          416    .text.mpu_set_bypass  inv_mpu.o
    0x00007a34   0x00007a34   0x000000b8   Code   RO          468    .text.mpu_set_dmp_state  inv_mpu.o
    0x00007aec   0x00007aec   0x000000c4   Code   RO          406    .text.mpu_set_gyro_fsr  inv_mpu.o
    0x00007bb0   0x00007bb0   0x0000009c   Code   RO          422    .text.mpu_set_int_latched  inv_mpu.o
    0x00007c4c   0x00007c4c   0x000000d0   Code   RO          410    .text.mpu_set_lpf   inv_mpu.o
    0x00007d1c   0x00007d1c   0x000000ec   Code   RO          412    .text.mpu_set_sample_rate  inv_mpu.o
    0x00007e08   0x00007e08   0x00000130   Code   RO          418    .text.mpu_set_sensors  inv_mpu.o
    0x00007f38   0x00007f38   0x000000ac   Code   RO          476    .text.mpu_write_mem  inv_mpu.o
    0x00007fe4   0x00007fe4   0x0000003c   Code   RO         1727    .text.oled_init     drv_oled.o
    0x00008020   0x00008020   0x000000d4   Code   RO          454    .text.set_int_enable  inv_mpu.o
    0x000080f4   0x000080f4   0x00000174   Code   RO         1788    .text.ssd1306_begin  ssd1306.o
    0x00008268   0x00008268   0x00000014   Code   RO         1786    .text.ssd1306_command  ssd1306.o
    0x0000827c   0x0000827c   0x000000bc   Code   RO          285    .text.systemInit    control.o
    0x00008338   0x00008338   0x0000002c   Code   RO          178    .text.uart0_send_char  board.o
    0x00008364   0x00008364   0x00000438   Code   RO         1741    .text.write_6_8_number_f1  drv_oled.o
    0x0000879c   0x0000879c   0x00000030   Code   RO         2197    i.__ARM_common_ll_muluu  c_p.l(btod.o)
    0x000087cc   0x000087cc   0x0000002c   Code   RO         2112    i.__ARM_fpclassify  m_ps.l(fpclassify.o)
    0x000087f8   0x000087f8   0x000000ac   Code   RO         2114    i.__kernel_poly     m_ps.l(poly.o)
    0x000088a4   0x000088a4   0x0000000a   Code   RO         2099    i.__mathlib_dbl_infnan  m_ps.l(dunder.o)
    0x000088ae   0x000088ae   0x00000008   Code   RO         2100    i.__mathlib_dbl_infnan2  m_ps.l(dunder.o)
    0x000088b6   0x000088b6   0x00000010   Code   RO         2101    i.__mathlib_dbl_invalid  m_ps.l(dunder.o)
    0x000088c6   0x000088c6   0x00000002   PAD
    0x000088c8   0x000088c8   0x00000014   Code   RO         2104    i.__mathlib_dbl_underflow  m_ps.l(dunder.o)
    0x000088dc   0x000088dc   0x00000016   Code   RO         1943    i._fgeq             fz_ps.l(fcmp.o)
    0x000088f2   0x000088f2   0x0000001a   Code   RO         1945    i._fleq             fz_ps.l(fcmp.o)
    0x0000890c   0x0000890c   0x00000016   Code   RO         1946    i._fls              fz_ps.l(fcmp.o)
    0x00008922   0x00008922   0x0000000e   Code   RO         2041    i._is_digit         c_p.l(__printf_wp.o)
    0x00008930   0x00008930   0x00000274   Code   RO         1964    i.asin              m_ps.l(asin.o)
    0x00008ba4   0x00008ba4   0x0000021c   Code   RO         2094    i.atan              m_ps.l(atan.o)
    0x00008dc0   0x00008dc0   0x0000019c   Code   RO         1969    i.atan2             m_ps.l(atan2.o)
    0x00008f5c   0x00008f5c   0x00000048   Code   RO         2118    i.sqrt              m_ps.l(sqrt.o)
    0x00008fa4   0x00008fa4   0x0000002c   Code   RO         2202    locale$$code        c_p.l(lc_numeric_c.o)
    0x00008fd0   0x00008fd0   0x0000002c   Code   RO         2232    locale$$code        c_p.l(lc_ctype_c.o)
    0x00008ffc   0x00008ffc   0x00000064   Code   RO         2074    x$fpl$deqf          fz_ps.l(deqf.o)
    0x00009060   0x00009060   0x0000008c   Code   RO         1936    x$fpl$fadd          fz_ps.l(faddsub.o)
    0x000090ec   0x000090ec   0x00000054   Code   RO         2080    x$fpl$fgeqf         fz_ps.l(fgef.o)
    0x00009140   0x00009140   0x00000054   Code   RO         2082    x$fpl$fleqf         fz_ps.l(flef.o)
    0x00009194   0x00009194   0x000000b0   Code   RO         1961    x$fpl$fmul          fz_ps.l(fmul.o)
    0x00009244   0x00009244   0x000000d0   Code   RO         1938    x$fpl$fsub          fz_ps.l(faddsub.o)
    0x00009314   0x00009314   0x00000010   Code   RO         2084    x$fpl$printf1       fz_ps.l(printf1.o)
    0x00009324   0x00009324   0x00000010   Code   RO         2086    x$fpl$printf2       fz_ps.l(printf2.o)
    0x00009334   0x00009334   0x00000000   Code   RO         2092    x$fpl$usenofp       fz_ps.l(usenofp.o)
    0x00009334   0x00009334   0x00000080   Data   RO         1928    .constdata          fz_ps.l(ddiv.o)
    0x000093b4   0x000093b4   0x00000040   Data   RO         1955    .constdata          fz_ps.l(fdiv.o)
    0x000093f4   0x000093f4   0x00000004   PAD
    0x000093f8   0x000093f8   0x00000050   Data   RO         1965    .constdata          m_ps.l(asin.o)
    0x00009448   0x00009448   0x00000008   Data   RO         2000    .constdata          c_p.l(_printf_wctomb.o)
    0x00009450   0x00009450   0x00000028   Data   RO         2029    .constdata          c_p.l(_printf_hex_int_ll_ptr.o)
    0x00009478   0x00009478   0x00000011   Data   RO         2049    .constdata          c_p.l(__printf_flags_ss_wp.o)
    0x00009489   0x00009489   0x00000007   PAD
    0x00009490   0x00009490   0x00000098   Data   RO         2095    .constdata          m_ps.l(atan.o)
    0x00009528   0x00009528   0x00000008   Data   RO         2116    .constdata          m_ps.l(qnan.o)
    0x00009530   0x00009530   0x00000026   Data   RO         2152    .constdata          c_p.l(_printf_fp_hex.o)
    0x00009556   0x00009556   0x00000002   PAD
    0x00009558   0x00009558   0x00000094   Data   RO         2193    .constdata          c_p.l(bigflt0.o)
    0x000095ec   0x000095ec   0x00000228   Data   RO         1745    .rodata.F6x8        drv_oled.o
    0x00009814   0x00009814   0x00000bf6   Data   RO          573    .rodata.dmp_memory  inv_mpu_dmp_motion_driver.o
    0x0000a40a   0x0000a40a   0x00000003   Data   RO          131    .rodata.gPWM_MotorClockConfig  ti_msp_dl_config.o
    0x0000a40d   0x0000a40d   0x00000003   PAD
    0x0000a410   0x0000a410   0x00000008   Data   RO          132    .rodata.gPWM_MotorConfig  ti_msp_dl_config.o
    0x0000a418   0x0000a418   0x00000002   Data   RO          145    .rodata.gSPI_0_clockConfig  ti_msp_dl_config.o
    0x0000a41a   0x0000a41a   0x0000000a   Data   RO          146    .rodata.gSPI_0_config  ti_msp_dl_config.o
    0x0000a424   0x0000a424   0x00000003   Data   RO          133    .rodata.gServoClockConfig  ti_msp_dl_config.o
    0x0000a427   0x0000a427   0x00000001   PAD
    0x0000a428   0x0000a428   0x00000008   Data   RO          134    .rodata.gServoConfig  ti_msp_dl_config.o
    0x0000a430   0x0000a430   0x00000003   Data   RO          135    .rodata.gTIMER_0ClockConfig  ti_msp_dl_config.o
    0x0000a433   0x0000a433   0x00000001   PAD
    0x0000a434   0x0000a434   0x00000014   Data   RO          136    .rodata.gTIMER_0TimerConfig  ti_msp_dl_config.o
    0x0000a448   0x0000a448   0x00000002   Data   RO          137    .rodata.gUART_0ClockConfig  ti_msp_dl_config.o
    0x0000a44a   0x0000a44a   0x0000000a   Data   RO          138    .rodata.gUART_0Config  ti_msp_dl_config.o
    0x0000a454   0x0000a454   0x00000002   Data   RO          139    .rodata.gUART_1ClockConfig  ti_msp_dl_config.o
    0x0000a456   0x0000a456   0x0000000a   Data   RO          140    .rodata.gUART_1Config  ti_msp_dl_config.o
    0x0000a460   0x0000a460   0x00000002   Data   RO          143    .rodata.gUART_2ClockConfig  ti_msp_dl_config.o
    0x0000a462   0x0000a462   0x0000000a   Data   RO          144    .rodata.gUART_2Config  ti_msp_dl_config.o
    0x0000a46c   0x0000a46c   0x00000002   Data   RO          141    .rodata.gUART_3ClockConfig  ti_msp_dl_config.o
    0x0000a46e   0x0000a46e   0x0000000a   Data   RO          142    .rodata.gUART_3Config  ti_msp_dl_config.o
    0x0000a478   0x0000a478   0x0000000c   Data   RO          505    .rodata.hw          inv_mpu.o
    0x0000a484   0x0000a484   0x0000001b   Data   RO          504    .rodata.reg         inv_mpu.o
    0x0000a49f   0x0000a49f   0x00000010   Data   RO            6    .rodata.str1.1      empty.o
    0x0000a4af   0x0000a4af   0x00000037   Data   RO          221    .rodata.str1.1      board.o
    0x0000a4e6   0x0000a4e6   0x0000000b   Data   RO          264    .rodata.str1.1      motor.o
    0x0000a4f1   0x0000a4f1   0x0000002a   Data   RO          392    .rodata.str1.1      bsp_mpu6050.o
    0x0000a51b   0x0000a51b   0x0000009e   Data   RO          508    .rodata.str1.1      inv_mpu.o
    0x0000a5b9   0x0000a5b9   0x00000003   PAD
    0x0000a5bc   0x0000a5bc   0x00000028   Data   RO          506    .rodata.test        inv_mpu.o
    0x0000a5e4   0x0000a5e4   0x00000004   PAD
    0x0000a5e8   0x0000a5e8   0x00000020   Data   RO         2365    Region$$Table       anon$$obj.o
    0x0000a608   0x0000a608   0x0000001c   Data   RO         2201    locale$$data        c_p.l(lc_numeric_c.o)
    0x0000a624   0x0000a624   0x00000110   Data   RO         2231    locale$$data        c_p.l(lc_ctype_c.o)


    Execution Region RW_IRAM2 (Exec base: 0x20200000, Load base: 0x0000a738, Size: 0x000009e0, Max: 0x00008000, ABSOLUTE)

    Exec Addr    Load Addr    Size         Type   Attr      Idx    E Section Name        Object

    0x20200000   0x0000a738   0x0000000c   Data   RW          307    .data.CarAnglePID   control.o
    0x2020000c   0x0000a744   0x0000000c   Data   RW          305    .data.MotorPID      control.o
    0x20200018   0x0000a750   0x00000001   Data   RW          601    .data.NOLineFlag    grayscale.o
    0x20200019   0x0000a751   0x00000003   PAD
    0x2020001c   0x0000a754   0x0000000c   Data   RW          308    .data.PosePID       control.o
    0x20200028   0x0000a760   0x0000000c   Data   RW          306    .data.XunJiPID      control.o
    0x20200034   0x0000a76c   0x00000004   Data   RW          263    .data.alpha         motor.o
    0x20200038   0x0000a770   0x00000001   Data   RW          331    .data.flag_for_task4  control.o
    0x20200039   0x0000a771   0x00000009   Data   RW          509    .data.gyro_orientation  inv_mpu.o
    0x20200042   0x0000a77a   0x00000002   PAD
    0x20200044   0x0000a77c   0x0000002c   Data   RW          507    .data.st            inv_mpu.o
    0x20200070        -       0x00000060   Zero   RW         2176    .bss                c_p.l(libspace.o)
    0x202000d0        -       0x00000001   Zero   RW          224    .bss.ControlFlag    board.o
    0x202000d1   0x0000a7a8   0x00000003   PAD
    0x202000d4        -       0x00000004   Zero   RW          261    .bss.Front_Left_Count  motor.o
    0x202000d8        -       0x00000004   Zero   RW          262    .bss.Front_Right_Count  motor.o
    0x202000dc        -       0x00000002   Zero   RW         1884    .bss.HEIGHT         ssd1306.o
    0x202000de   0x0000a7a8   0x00000002   PAD
    0x202000e0        -       0x00000004   Zero   RW          318    .bss.PosetionOutPut  control.o
    0x202000e4        -       0x00000001   Zero   RW          225    .bss.ReadMPUFlag    board.o
    0x202000e5        -       0x00000005   Zero   RW          231    .bss.Send2openmv    board.o
    0x202000ea        -       0x00000001   Zero   RW          227    .bss.SendFlag       board.o
    0x202000eb        -       0x00000008   Zero   RW            5    .bss.SensorBuf      empty.o
    0x202000f3        -       0x0000000a   Zero   RW          234    .bss.SerialScreenBuf  board.o
    0x202000fd   0x0000a7a8   0x00000001   PAD
    0x202000fe        -       0x00000002   Zero   RW          319    .bss.Servo1Init     control.o
    0x20200100        -       0x00000002   Zero   RW          320    .bss.Servo2Init     control.o
    0x20200102   0x0000a7a8   0x00000002   PAD
    0x20200104        -       0x00000004   Zero   RW          309    .bss.TargetEncoder  control.o
    0x20200108        -       0x00000001   Zero   RW          324    .bss.Task1.i        control.o
    0x20200109        -       0x00000001   Zero   RW          323    .bss.Task1.state    control.o
    0x2020010a   0x0000a7a8   0x00000002   PAD
    0x2020010c        -       0x00000004   Zero   RW          325    .bss.Task1.tempAngle  control.o
    0x20200110        -       0x00000004   Zero   RW          326    .bss.Task1.tempPose  control.o
    0x20200114        -       0x00000001   Zero   RW          328    .bss.Task2.i        control.o
    0x20200115        -       0x00000001   Zero   RW          327    .bss.Task2.state    control.o
    0x20200116   0x0000a7a8   0x00000002   PAD
    0x20200118        -       0x00000004   Zero   RW          329    .bss.Task2.tempAngle  control.o
    0x2020011c        -       0x00000002   Zero   RW          333    .bss.Task3.i        control.o
    0x2020011e        -       0x00000002   Zero   RW          332    .bss.Task3.state    control.o
    0x20200120        -       0x00000004   Zero   RW          334    .bss.Task3.tempAngle  control.o
    0x20200124        -       0x00000002   Zero   RW          336    .bss.Task3.time     control.o
    0x20200126        -       0x00000001   Zero   RW          338    .bss.Task4.temp     control.o
    0x20200127        -       0x00000001   Zero   RW          229    .bss.UART1_IRQHandler.cnt  board.o
    0x20200128        -       0x00000001   Zero   RW          228    .bss.UART1_IRQHandler.state  board.o
    0x20200129        -       0x00000001   Zero   RW          233    .bss.UART3_IRQHandler.cnt  board.o
    0x2020012a        -       0x00000001   Zero   RW          232    .bss.UART3_IRQHandler.state  board.o
    0x2020012b   0x0000a7a8   0x00000001   PAD
    0x2020012c        -       0x00000002   Zero   RW         1883    .bss.WIDTH          ssd1306.o
    0x2020012e        -       0x00000001   Zero   RW          602    .bss.XunJi.i1       grayscale.o
    0x2020012f        -       0x00000001   Zero   RW          603    .bss.XunJi.i2       grayscale.o
    0x20200130        -       0x00000004   Zero   RW          313    .bss.XunJiOutPut    control.o
    0x20200134        -       0x00000001   Zero   RW          312    .bss.XunjiFlag      control.o
    0x20200135   0x0000a7a8   0x00000003   PAD
    0x20200138        -       0x00000054   Zero   RW          241    .bss.__stdout       board.o
    0x2020018c        -       0x00000001   Zero   RW         1892    .bss._cp437         ssd1306.o
    0x2020018d   0x0000a7a8   0x00000001   PAD
    0x2020018e        -       0x00000002   Zero   RW         1881    .bss._height        ssd1306.o
    0x20200190        -       0x00000001   Zero   RW         1885    .bss._vccstate      ssd1306.o
    0x20200191   0x0000a7a8   0x00000001   PAD
    0x20200192        -       0x00000002   Zero   RW         1880    .bss._width         ssd1306.o
    0x20200194        -       0x00000004   Zero   RW          337    .bss.angle          control.o
    0x20200198        -       0x00000001   Zero   RW          314    .bss.angleFlag      control.o
    0x20200199   0x0000a7a8   0x00000003   PAD
    0x2020019c        -       0x00000004   Zero   RW          315    .bss.angleOutPut    control.o
    0x202001a0        -       0x00000001   Zero   RW          322    .bss.beepFlag       control.o
    0x202001a1        -       0x00000001   Zero   RW          321    .bss.beepONTimeTask.i  control.o
    0x202001a2   0x0000a7a8   0x00000002   PAD
    0x202001a4        -       0x000001a4   Zero   RW          310    .bss.car            control.o
    0x20200348        -       0x00000002   Zero   RW         1886    .bss.cursor_x       ssd1306.o
    0x2020034a        -       0x00000002   Zero   RW         1887    .bss.cursor_y       ssd1306.o
    0x2020034c        -       0x00000010   Zero   RW          578    .bss.dmp            inv_mpu_dmp_motion_driver.o
    0x2020035c        -       0x00000004   Zero   RW          317    .bss.encoderSet     control.o
    0x20200360        -       0x000000bc   Zero   RW          127    .bss.gPWM_MotorBackup  ti_msp_dl_config.o
    0x2020041c        -       0x00000028   Zero   RW          130    .bss.gSPI_0Backup   ti_msp_dl_config.o
    0x20200444        -       0x000000bc   Zero   RW          128    .bss.gServoBackup   ti_msp_dl_config.o
    0x20200500        -       0x00000030   Zero   RW          129    .bss.gUART_3Backup  ti_msp_dl_config.o
    0x20200530        -       0x00000001   Zero   RW            4    .bss.grayRet        empty.o
    0x20200531   0x0000a7a8   0x00000003   PAD
    0x20200534        -       0x00000004   Zero   RW          222    .bss.i              board.o
    0x20200538        -       0x00000009   Zero   RW          223    .bss.key            board.o
    0x20200541        -       0x0000000a   Zero   RW          230    .bss.openmvBuf      board.o
    0x2020054b        -       0x00000001   Zero   RW          316    .bss.poseFlag       control.o
    0x2020054c        -       0x00000080   Zero   RW          218    .bss.recv0_buff     board.o
    0x202005cc        -       0x00000001   Zero   RW          220    .bss.recv0_flag     board.o
    0x202005cd   0x0000a7a8   0x00000001   PAD
    0x202005ce        -       0x00000002   Zero   RW          219    .bss.recv0_length   board.o
    0x202005d0        -       0x00000001   Zero   RW         1882    .bss.rotation       ssd1306.o
    0x202005d1        -       0x00000001   Zero   RW          226    .bss.showFlag       board.o
    0x202005d2        -       0x00000001   Zero   RW          311    .bss.taskflag       control.o
    0x202005d3   0x0000a7a8   0x00000001   PAD
    0x202005d4        -       0x00000002   Zero   RW         1889    .bss.textbgcolor    ssd1306.o
    0x202005d6        -       0x00000002   Zero   RW         1890    .bss.textcolor      ssd1306.o
    0x202005d8        -       0x00000001   Zero   RW         1888    .bss.textsize       ssd1306.o
    0x202005d9        -       0x00000001   Zero   RW         1891    .bss.wrap           ssd1306.o
    0x202005da   0x0000a7a8   0x00000006   PAD
    0x202005e0        -       0x00000300   Zero   RW           14    HEAP                startup_mspm0g350x_uvision.o
    0x202008e0        -       0x00000100   Zero   RW           13    STACK               startup_mspm0g350x_uvision.o



  Load Region LR_BCR (Base: 0x41c00000, Size: 0x00000000, Max: 0x00000100, ABSOLUTE)

    Execution Region BCR_CONFIG (Exec base: 0x41c00000, Load base: 0x41c00000, Size: 0x00000000, Max: 0x00000080, ABSOLUTE)

    **** No section assigned to this execution region ****



  Load Region LR_BSL (Base: 0x41c00100, Size: 0x00000000, Max: 0x00000100, ABSOLUTE)

    Execution Region BSL_CONFIG (Exec base: 0x41c00100, Load base: 0x41c00100, Size: 0x00000000, Max: 0x00000080, ABSOLUTE)

    **** No section assigned to this execution region ****


==============================================================================

Image component sizes


      Code (inc. data)   RO Data    RW Data    ZI Data      Debug   Object Name

      1542        164         55          0        261      15256   board.o
      1950         32         42          0          0       9323   bsp_mpu6050.o
      2352        336          0         49        481       7306   control.o
        20          0          0          0          0        564   dl_common.o
       148         12          0          0          0      10553   dl_spi.o
      1218        184          0          0          0      20653   dl_timer.o
       170          8          0          0          0      10617   dl_uart.o
      1858         64        552          0          0       8973   drv_oled.o
       314         12          0          0          0       5636   drv_spi.o
       348         40         16          0          9        896   empty.o
       562         36          0          1          2       4397   grayscale.o
      5728        172        237         53          0      21872   inv_mpu.o
      3062        208       3062          0         16       9138   inv_mpu_dmp_motion_driver.o
       754         44         11          4          8       6863   motor.o
       866         16          0          0          0       2132   pid.o
       392         56          0          0         21      15681   ssd1306.o
        48         22        192          0       1024        676   startup_mspm0g350x_uvision.o
      2468        252        105          0        464      33250   ti_msp_dl_config.o

    ----------------------------------------------------------------------
     23812       1658       4316        112       2320     183786   Object Totals
         0          0         32          0          0          0   (incl. Generated)
        12          0         12          5         34          0   (incl. Padding)

    ----------------------------------------------------------------------

      Code (inc. data)   RO Data    RW Data    ZI Data      Debug   Library Member Name

         8          0          0          0          0         68   __main.o
       392          6         17          0          0         76   __printf_flags_ss_wp.o
        14          0          0          0          0         60   __printf_wp.o
         0          0          0          0          0          0   __rtentry.o
        12          0          0          0          0          0   __rtentry2.o
         6          0          0          0          0          0   __rtentry4.o
        86         10          0          0          0          0   __scatter.o
        26          0          0          0          0          0   __scatter_copy.o
        28          0          0          0          0          0   __scatter_zi.o
        66          0          0          0          0         76   _c16rtomb.o
        10          0          0          0          0          0   _printf_a.o
        10          0          0          0          0          0   _printf_c.o
        46          0          0          0          0        100   _printf_char.o
        48          6          0          0          0         88   _printf_char_common.o
        40          6          0          0          0         72   _printf_char_file.o
        38          0          0          0          0         60   _printf_charcount.o
        10          0          0          0          0          0   _printf_d.o
       108         18          0          0          0         76   _printf_dec.o
        10          0          0          0          0          0   _printf_e.o
        10          0          0          0          0          0   _printf_f.o
      1044         12          0          0          0        116   _printf_fp_dec.o
       728         10         38          0          0         84   _printf_fp_hex.o
       136         16          0          0          0         76   _printf_fp_infnan.o
        10          0          0          0          0          0   _printf_g.o
       152          4         40          0          0        148   _printf_hex_int_ll_ptr.o
        10          0          0          0          0          0   _printf_i.o
       176          0          0          0          0         84   _printf_intcommon.o
        10          0          0          0          0          0   _printf_l.o
        10          0          0          0          0          0   _printf_lc.o
        10          0          0          0          0          0   _printf_ll.o
        10          0          0          0          0          0   _printf_lld.o
        10          0          0          0          0          0   _printf_lli.o
        10          0          0          0          0          0   _printf_llo.o
        10          0          0          0          0          0   _printf_llu.o
        10          0          0          0          0          0   _printf_llx.o
       112         18          0          0          0         76   _printf_longlong_dec.o
        10          0          0          0          0          0   _printf_ls.o
        10          0          0          0          0          0   _printf_n.o
        10          0          0          0          0          0   _printf_o.o
       112         10          0          0          0        112   _printf_oct_int_ll.o
        10          0          0          0          0          0   _printf_p.o
        78          0          0          0          0        100   _printf_pad.o
         2          0          0          0          0          0   _printf_percent.o
         4          0          0          0          0          0   _printf_percent_end.o
        10          0          0          0          0          0   _printf_s.o
        82          0          0          0          0         72   _printf_str.o
        36          0          0          0          0         76   _printf_truncate.o
        10          0          0          0          0          0   _printf_u.o
        46          0          0          0          0        100   _printf_wchar.o
       188          6          8          0          0         80   _printf_wctomb.o
        10          0          0          0          0          0   _printf_x.o
        22          0          0          0          0         92   _rserrno.o
       364          4          0          0          0         92   aeabi_sdiv.o
       216          6        148          0          0         80   bigflt0.o
      1456         30          0          0          0        336   btod.o
        16          0          0          0          0         68   exit.o
         8          0          0          0          0         60   ferror.o
         6          0          0          0          0        136   heapauxi.o
        44         10        272          0          0         76   lc_ctype_c.o
        44         10         28          0          0         76   lc_numeric_c.o
         2          0          0          0          0          0   libinit.o
        30          0          0          0          0          0   libinit2.o
         2          0          0          0          0          0   libshutdown.o
         2          0          0          0          0          0   libshutdown2.o
         8          4          0          0         96         68   libspace.o
       122          0          0          0          0         72   lludiv10.o
        90          0          0          0          0         68   memcmp.o
        28          6          0          0          0         84   printf.o
        16          4          0          0          0         76   rt_ctype_table.o
         8          4          0          0          0         68   rt_errno_addr_intlibspace.o
         8          4          0          0          0         68   rt_locale_intlibspace.o
         2          0          0          0          0          0   rtexit.o
        10          0          0          0          0          0   rtexit2.o
        40          0          0          0          0         60   rtudiv10.o
       136          4          0          0          0         72   strcmp.o
        62          0          0          0          0         80   sys_stackheap_outer.o
        46          0          0          0          0         60   cmpret.o
       124          4          0          0          0         72   d2f.o
       856         20          0          0          0        208   daddsub.o
       160          6          0          0          0         76   dcmpin.o
      1096         26        128          0          0        112   ddiv.o
       100          4          0          0          0         92   deqf.o
       584         26          0          0          0         84   dmul.o
        20          6          0          0          0         68   dnan2.o
        96         12          0          0          0         72   dscalbn.o
       256          8          0          0          0         76   dsqrt.o
        84          4          0          0          0         60   f2d.o
       348          8          0          0          0        160   faddsub.o
        70          0          0          0          0        204   fcmp.o
       100          4          0          0          0         68   fcmpin.o
       352         10         64          0          0         92   fdiv.o
        76          0          0          0          0         68   ffixi.o
        94          0          0          0          0         92   fflti.o
        84          4          0          0          0         76   fgef.o
        84          4          0          0          0         76   flef.o
       176          4          0          0          0         80   fmul.o
        16          6          0          0          0         68   fnan2.o
        16          4          0          0          0         76   printf1.o
        16          4          0          0          0         76   printf2.o
        94          0          0          0          0         68   retnan.o
         0          0          0          0          0          0   usenofp.o
       628         54         80          0          0        104   asin.o
       540         68        152          0          0        112   atan.o
       412         40          0          0          0        144   atan2.o
        54          6          0          0          0        272   dunder.o
        44          4          0          0          0         60   fpclassify.o
       172          0          0          0          0         76   poly.o
         0          0          8          0          0          0   qnan.o
        72          6          0          0          0         76   sqrt.o

    ----------------------------------------------------------------------
     13680        554        996          0         96       6560   Library Totals
        34          4         13          0          0          0   (incl. Padding)

    ----------------------------------------------------------------------

      Code (inc. data)   RO Data    RW Data    ZI Data      Debug   Library Name

      6776        208        551          0         96       3532   c_p.l
      4948        164        192          0          0       2184   fz_ps.l
      1922        178        240          0          0        844   m_ps.l

    ----------------------------------------------------------------------
     13680        554        996          0         96       6560   Library Totals

    ----------------------------------------------------------------------

==============================================================================


      Code (inc. data)   RO Data    RW Data    ZI Data      Debug   

     37492       2212       5312        112       2416     186774   Grand Totals
     37492       2212       5312        112       2416     186774   ELF Image Totals
     37492       2212       5312        112          0          0   ROM Totals

==============================================================================

    Total RO  Size (Code + RO Data)                42804 (  41.80kB)
    Total RW  Size (RW Data + ZI Data)              2528 (   2.47kB)
    Total ROM Size (Code + RO Data + RW Data)      42916 (  41.91kB)

==============================================================================

